Archive member included to satisfy reference by file (symbol)

c:/dev/gnu tools arm embedded/5.4 2016q3/bin/../lib/gcc/arm-none-eabi/5.4.1/armv6-m\libgcc.a(_udivsi3.o)
                              ./system/src/stm32f0-hal/stm32f0xx_hal.o (__aeabi_uidiv)
c:/dev/gnu tools arm embedded/5.4 2016q3/bin/../lib/gcc/arm-none-eabi/5.4.1/armv6-m\libgcc.a(_dvmd_tls.o)
                              c:/dev/gnu tools arm embedded/5.4 2016q3/bin/../lib/gcc/arm-none-eabi/5.4.1/armv6-m\libgcc.a(_udivsi3.o) (__aeabi_idiv0)
c:/dev/gnu tools arm embedded/5.4 2016q3/bin/../lib/gcc/arm-none-eabi/5.4.1/armv6-m\libgcc.a(divdf3.o)
                              ./src/main.o (__aeabi_ddiv)
c:/dev/gnu tools arm embedded/5.4 2016q3/bin/../lib/gcc/arm-none-eabi/5.4.1/armv6-m\libgcc.a(floatunsidf.o)
                              ./src/main.o (__aeabi_ui2d)
c:/dev/gnu tools arm embedded/5.4 2016q3/bin/../lib/gcc/arm-none-eabi/5.4.1/armv6-m\libgcc.a(_clzsi2.o)
                              c:/dev/gnu tools arm embedded/5.4 2016q3/bin/../lib/gcc/arm-none-eabi/5.4.1/armv6-m\libgcc.a(divdf3.o) (__clzsi2)
c:/dev/gnu tools arm embedded/5.4 2016q3/bin/../lib/gcc/arm-none-eabi/5.4.1/../../../../arm-none-eabi/lib/armv6-m\libg_nano.a(lib_a-errno.o)
                              ./system/src/newlib/sbrk.o (__errno)
c:/dev/gnu tools arm embedded/5.4 2016q3/bin/../lib/gcc/arm-none-eabi/5.4.1/../../../../arm-none-eabi/lib/armv6-m\libg_nano.a(lib_a-impure.o)
                              c:/dev/gnu tools arm embedded/5.4 2016q3/bin/../lib/gcc/arm-none-eabi/5.4.1/../../../../arm-none-eabi/lib/armv6-m\libg_nano.a(lib_a-errno.o) (_impure_ptr)
c:/dev/gnu tools arm embedded/5.4 2016q3/bin/../lib/gcc/arm-none-eabi/5.4.1/../../../../arm-none-eabi/lib/armv6-m\libg_nano.a(lib_a-memcpy-stub.o)
                              ./system/src/stm32f0-hal/stm32f0xx_hal_rcc.o (memcpy)
c:/dev/gnu tools arm embedded/5.4 2016q3/bin/../lib/gcc/arm-none-eabi/5.4.1/../../../../arm-none-eabi/lib/armv6-m\libg_nano.a(lib_a-memset.o)
                              ./src/oled.o (memset)
c:/dev/gnu tools arm embedded/5.4 2016q3/bin/../lib/gcc/arm-none-eabi/5.4.1/../../../../arm-none-eabi/lib/armv6-m\libg_nano.a(lib_a-nano-vfprintf_float.o)
                              (_printf_float)
c:/dev/gnu tools arm embedded/5.4 2016q3/bin/../lib/gcc/arm-none-eabi/5.4.1/../../../../arm-none-eabi/lib/armv6-m\libg_nano.a(lib_a-nano-vfprintf_i.o)
                              c:/dev/gnu tools arm embedded/5.4 2016q3/bin/../lib/gcc/arm-none-eabi/5.4.1/../../../../arm-none-eabi/lib/armv6-m\libg_nano.a(lib_a-nano-vfprintf_float.o) (_printf_common)
c:/dev/gnu tools arm embedded/5.4 2016q3/bin/../lib/gcc/arm-none-eabi/5.4.1/../../../../arm-none-eabi/lib/armv6-m\libg_nano.a(lib_a-snprintf.o)
                              ./src/oled.o (snprintf)
c:/dev/gnu tools arm embedded/5.4 2016q3/bin/../lib/gcc/arm-none-eabi/5.4.1/../../../../arm-none-eabi/lib/armv6-m\libg_nano.a(lib_a-strlen.o)
                              ./system/src/diag/trace.o (strlen)
c:/dev/gnu tools arm embedded/5.4 2016q3/bin/../lib/gcc/arm-none-eabi/5.4.1/../../../../arm-none-eabi/lib/armv6-m\libg_nano.a(lib_a-vsnprintf.o)
                              ./system/src/diag/trace.o (vsnprintf)
c:/dev/gnu tools arm embedded/5.4 2016q3/bin/../lib/gcc/arm-none-eabi/5.4.1/../../../../arm-none-eabi/lib/armv6-m\libg_nano.a(lib_a-dtoa.o)
                              c:/dev/gnu tools arm embedded/5.4 2016q3/bin/../lib/gcc/arm-none-eabi/5.4.1/../../../../arm-none-eabi/lib/armv6-m\libg_nano.a(lib_a-nano-vfprintf_float.o) (_dtoa_r)
c:/dev/gnu tools arm embedded/5.4 2016q3/bin/../lib/gcc/arm-none-eabi/5.4.1/../../../../arm-none-eabi/lib/armv6-m\libg_nano.a(lib_a-localeconv.o)
                              c:/dev/gnu tools arm embedded/5.4 2016q3/bin/../lib/gcc/arm-none-eabi/5.4.1/../../../../arm-none-eabi/lib/armv6-m\libg_nano.a(lib_a-nano-vfprintf_float.o) (_localeconv_r)
c:/dev/gnu tools arm embedded/5.4 2016q3/bin/../lib/gcc/arm-none-eabi/5.4.1/../../../../arm-none-eabi/lib/armv6-m\libg_nano.a(lib_a-malloc.o)
                              c:/dev/gnu tools arm embedded/5.4 2016q3/bin/../lib/gcc/arm-none-eabi/5.4.1/../../../../arm-none-eabi/lib/armv6-m\libg_nano.a(lib_a-dtoa.o) (malloc)
c:/dev/gnu tools arm embedded/5.4 2016q3/bin/../lib/gcc/arm-none-eabi/5.4.1/../../../../arm-none-eabi/lib/armv6-m\libg_nano.a(lib_a-memchr-stub.o)
                              c:/dev/gnu tools arm embedded/5.4 2016q3/bin/../lib/gcc/arm-none-eabi/5.4.1/../../../../arm-none-eabi/lib/armv6-m\libg_nano.a(lib_a-nano-vfprintf_i.o) (memchr)
c:/dev/gnu tools arm embedded/5.4 2016q3/bin/../lib/gcc/arm-none-eabi/5.4.1/../../../../arm-none-eabi/lib/armv6-m\libg_nano.a(lib_a-mprec.o)
                              c:/dev/gnu tools arm embedded/5.4 2016q3/bin/../lib/gcc/arm-none-eabi/5.4.1/../../../../arm-none-eabi/lib/armv6-m\libg_nano.a(lib_a-dtoa.o) (_Balloc)
[...]
Memory Configuration

Name             Origin             Length             Attributes
RAM              0x20000000         0x00002000         xrw
CCMRAM           0x00000000         0x00000000         xrw
FLASH            0x08000000         0x00010000         xr
FLASHB1          0x00000000         0x00000000         xr
EXTMEMB0         0x00000000         0x00000000         xr
EXTMEMB1         0x00000000         0x00000000         xr
EXTMEMB2         0x00000000         0x00000000         xr
EXTMEMB3         0x00000000         0x00000000         xr
MEMORY_ARRAY     0x00000000         0x00000000         xrw
*default*        0x00000000         0xffffffff

Linker script and memory map

LOAD ./system/src/stm32f0-hal/stm32f0xx_hal.o
LOAD ./system/src/stm32f0-hal/stm32f0xx_hal_cortex.o
LOAD ./system/src/stm32f0-hal/stm32f0xx_hal_flash.o
LOAD ./system/src/stm32f0-hal/stm32f0xx_hal_flash_ex.o
LOAD ./system/src/stm32f0-hal/stm32f0xx_hal_gpio.o
LOAD ./system/src/stm32f0-hal/stm32f0xx_hal_iwdg.o
LOAD ./system/src/stm32f0-hal/stm32f0xx_hal_pwr.o
LOAD ./system/src/stm32f0-hal/stm32f0xx_hal_rcc.o
LOAD ./system/src/stm32f0-hal/stm32f0xx_hal_spi.o
LOAD ./system/src/stm32f0-hal/stm32f0xx_hal_tsc.o
LOAD ./system/src/newlib/assert.o
LOAD ./system/src/newlib/cxx.o
LOAD ./system/src/newlib/exit.o
LOAD ./system/src/newlib/sbrk.o
LOAD ./system/src/newlib/startup.o
LOAD ./system/src/newlib/syscalls.o
LOAD ./system/src/diag/trace-impl.o
LOAD ./system/src/diag/trace.o
LOAD ./system/src/cortexm/exception-handlers.o
LOAD ./system/src/cortexm/initialize-hardware.o
LOAD ./system/src/cortexm/reset-hardware.o
LOAD ./system/src/cmsis/system_stm32f0xx.o
LOAD ./system/src/cmsis/vectors_stm32f051x8.o
LOAD ./src/initialize-hardware.o
LOAD ./src/main.o
LOAD ./src/oled.o
LOAD ./src/stm32f0xx_hal_msp.o
LOAD ./src/write.o
LOAD c:/dev/gnu tools arm embedded/5.4 2016q3/bin/../lib/gcc/arm-none-eabi/5.4.1/../../../../arm-none-eabi/lib/armv6-m\libstdc++_nano.a
LOAD c:/dev/gnu tools arm embedded/5.4 2016q3/bin/../lib/gcc/arm-none-eabi/5.4.1/../../../../arm-none-eabi/lib/armv6-m\libm.a
START GROUP
LOAD c:/dev/gnu tools arm embedded/5.4 2016q3/bin/../lib/gcc/arm-none-eabi/5.4.1/armv6-m\libgcc.a
LOAD c:/dev/gnu tools arm embedded/5.4 2016q3/bin/../lib/gcc/arm-none-eabi/5.4.1/../../../../arm-none-eabi/lib/armv6-m\libg_nano.a
LOAD c:/dev/gnu tools arm embedded/5.4 2016q3/bin/../lib/gcc/arm-none-eabi/5.4.1/../../../../arm-none-eabi/lib/armv6-m\libc_nano.a
END GROUP
START GROUP
LOAD c:/dev/gnu tools arm embedded/5.4 2016q3/bin/../lib/gcc/arm-none-eabi/5.4.1/armv6-m\libgcc.a
LOAD c:/dev/gnu tools arm embedded/5.4 2016q3/bin/../lib/gcc/arm-none-eabi/5.4.1/../../../../arm-none-eabi/lib/armv6-m\libc_nano.a
END GROUP
                0x20002000                __stack = (ORIGIN (RAM) + LENGTH (RAM))
                0x20002000                _estack = __stack
                0x00000400                __Main_Stack_Size = 0x400
                [!provide]                PROVIDE (_Main_Stack_Size, __Main_Stack_Size)
                0x20001c00                __Main_Stack_Limit = (__stack - __Main_Stack_Size)
                [!provide]                PROVIDE (_Main_Stack_Limit, __Main_Stack_Limit)
                0x00000100                _Minimum_Stack_Size = 0x100
                0x2000072c                PROVIDE (_Heap_Begin, _end_noinit)
                0x20001c00                PROVIDE (_Heap_Limit, (__stack - __Main_Stack_Size))

.isr_vector     0x08000000      0x228
 FILL mask 0xff
                0x08000000                __vectors_start = ABSOLUTE (.)
                0x08000000                __vectors_start__ = ABSOLUTE (.)
 *(.isr_vector)
 .isr_vector    0x08000000       0xbc ./system/src/cmsis/vectors_stm32f051x8.o
                0x08000000                __isr_vectors
 *(.cfmconfig)
 *(.after_vectors .after_vectors.*)
 .after_vectors
                0x080000bc      0x118 ./system/src/newlib/startup.o
                0x080000bc                _start
 .after_vectors
                0x080001d4       0x50 ./system/src/cortexm/exception-handlers.o
                0x080001d4                Reset_Handler
                0x080001dc                NMI_Handler
                0x080001e0                HardFault_Handler
                0x080001f8                HardFault_Handler_C
                0x08000214                SVC_Handler
                0x08000218                PendSV_Handler
                0x0800021c                SysTick_Handler
 .after_vectors
                0x08000224        0x4 ./system/src/cmsis/vectors_stm32f051x8.o
                0x08000224                TIM1_CC_IRQHandler
                0x08000224                TSC_IRQHandler
                0x08000224                ADC1_COMP_IRQHandler
                0x08000224                PVD_IRQHandler
                0x08000224                I2C1_IRQHandler
                0x08000224                SPI1_IRQHandler
                0x08000224                TIM6_DAC_IRQHandler
                0x08000224                I2C2_IRQHandler
                0x08000224                TIM17_IRQHandler
                0x08000224                RTC_IRQHandler
                0x08000224                TIM16_IRQHandler
                0x08000224                TIM3_IRQHandler
                0x08000224                RCC_IRQHandler
                0x08000224                EXTI4_15_IRQHandler
                0x08000224                DMA1_Channel1_IRQHandler
                0x08000224                Default_Handler
                0x08000224                CEC_IRQHandler
                0x08000224                TIM14_IRQHandler
                0x08000224                DMA1_Channel4_5_IRQHandler
                0x08000224                TIM15_IRQHandler
                0x08000224                EXTI0_1_IRQHandler
                0x08000224                SPI2_IRQHandler
                0x08000224                WWDG_IRQHandler
                0x08000224                DMA1_Channel2_3_IRQHandler
                0x08000224                USART2_IRQHandler
                0x08000224                FLASH_IRQHandler
                0x08000224                USART1_IRQHandler
                0x08000224                TIM1_BRK_UP_TRG_COM_IRQHandler

.inits          0x08000228       0x28
                0x08000228                __data_regions_array_start = .
                0x08000228        0x4 LONG 0x8005978 LOADADDR (.data)
                0x0800022c        0x4 LONG 0x20000000 ADDR (.data)
                0x08000230        0x4 LONG 0x2000060c (ADDR (.data) + SIZEOF (.data))
                0x08000234        0x4 LONG 0x8005978 LOADADDR (.data_CCMRAM)
                0x08000238        0x4 LONG 0x0 ADDR (.data_CCMRAM)
                0x0800023c        0x4 LONG 0x0 (ADDR (.data_CCMRAM) + SIZEOF (.data_CCMRAM))
                0x08000240                __data_regions_array_end = .
                0x08000240                __bss_regions_array_start = .
                0x08000240        0x4 LONG 0x20000610 ADDR (.bss)
                0x08000244        0x4 LONG 0x2000072c (ADDR (.bss) + SIZEOF (.bss))
                0x08000248        0x4 LONG 0x0 ADDR (.bss_CCMRAM)
                0x0800024c        0x4 LONG 0x0 (ADDR (.bss_CCMRAM) + SIZEOF (.bss_CCMRAM))
                0x08000250                __bss_regions_array_end = .
 *(.init)
 *(.fini)
                0x08000250                . = ALIGN (0x4)
                0x08000250                PROVIDE (__preinit_array_start, .)
 *(.preinit_array_sysinit .preinit_array_sysinit.*)
 *(.preinit_array_platform .preinit_array_platform.*)
 *(.preinit_array .preinit_array.*)
                0x08000250                PROVIDE (__preinit_array_end, .)
                0x08000250                . = ALIGN (0x4)
                0x08000250                PROVIDE (__init_array_start, .)
 *(SORT(.init_array.*))
 *(.init_array)
                0x08000250                PROVIDE (__init_array_end, .)
                0x08000250                . = ALIGN (0x4)
                0x08000250                PROVIDE (__fini_array_start, .)
 *(SORT(.fini_array.*))
 *(.fini_array)
                0x08000250                PROVIDE (__fini_array_end, .)

.flashtext
 *(.flashtext .flashtext.*)

.text           0x08000250     0x5728
 *(.text .text.*)
 .text.HAL_InitTick
                0x08000250       0x4c ./system/src/stm32f0-hal/stm32f0xx_hal.o
                0x08000250                HAL_InitTick
 .text.HAL_Init
                0x0800029c       0x20 ./system/src/stm32f0-hal/stm32f0xx_hal.o
                0x0800029c                HAL_Init
 .text.HAL_GetTick
                0x080002bc        0xc ./system/src/stm32f0-hal/stm32f0xx_hal.o
                0x080002bc                HAL_GetTick
 .text.HAL_Delay
                0x080002c8       0x24 ./system/src/stm32f0-hal/stm32f0xx_hal.o
                0x080002c8                HAL_Delay
 .text.HAL_NVIC_SetPriority
                0x080002ec       0x7c ./system/src/stm32f0-hal/stm32f0xx_hal_cortex.o
                0x080002ec                HAL_NVIC_SetPriority
 .text.HAL_SYSTICK_Config
                0x08000368       0x38 ./system/src/stm32f0-hal/stm32f0xx_hal_cortex.o
                0x08000368                HAL_SYSTICK_Config
 .text.HAL_SYSTICK_CLKSourceConfig
                0x080003a0       0x3c ./system/src/stm32f0-hal/stm32f0xx_hal_cortex.o
                0x080003a0                HAL_SYSTICK_CLKSourceConfig
 .text.HAL_GPIO_Init
                0x080003dc      0x278 ./system/src/stm32f0-hal/stm32f0xx_hal_gpio.o
                0x080003dc                HAL_GPIO_Init
 .text.HAL_GPIO_WritePin
                0x08000654       0x34 ./system/src/stm32f0-hal/stm32f0xx_hal_gpio.o
                0x08000654                HAL_GPIO_WritePin
 .text.HAL_RCC_GetHCLKFreq
                0x08000688        0xc ./system/src/stm32f0-hal/stm32f0xx_hal_rcc.o
                0x08000688                HAL_RCC_GetHCLKFreq
 .text.SPI_WaitFlagStateUntilTimeout
                0x08000694       0x9c ./system/src/stm32f0-hal/stm32f0xx_hal_spi.o
 .text.SPI_WaitFifoStateUntilTimeout
                0x08000730       0xa0 ./system/src/stm32f0-hal/stm32f0xx_hal_spi.o
 .text.SPI_EndRxTxTransaction
                0x080007d0       0x68 ./system/src/stm32f0-hal/stm32f0xx_hal_spi.o
 .text.HAL_SPI_MspInit
                0x08000838        0x4 ./system/src/stm32f0-hal/stm32f0xx_hal_spi.o
                0x08000838                HAL_SPI_MspInit
 .text.HAL_SPI_Init
                0x0800083c      0x2bc ./system/src/stm32f0-hal/stm32f0xx_hal_spi.o
                0x0800083c                HAL_SPI_Init
 .text.HAL_SPI_Transmit
                0x08000af8      0x258 ./system/src/stm32f0-hal/stm32f0xx_hal_spi.o
                0x08000af8                HAL_SPI_Transmit
 .text._exit    0x08000d50        0x4 ./system/src/newlib/exit.o
                0x08000d50                _exit
 .text._sbrk    0x08000d54       0x44 ./system/src/newlib/sbrk.o
                0x08000d54                _sbrk
 .text.__initialize_args
                0x08000d98       0x10 ./system/src/newlib/syscalls.o
                0x08000d98                __initialize_args
 .text._trace_write_semihosting_debug
                0x08000da8       0x68 ./system/src/diag/trace-impl.o
 .text.trace_write
                0x08000e10        0x8 ./system/src/diag/trace-impl.o
                0x08000e10                trace_write
 .text.trace_printf
                0x08000e18       0x2c ./system/src/diag/trace.o
                0x08000e18                trace_printf
 .text.dumpExceptionStack
                0x08000e44       0x88 ./system/src/cortexm/exception-handlers.o
                0x08000e44                dumpExceptionStack
 .text.__initialize_hardware_early
                0x08000ecc        0x8 ./system/src/cortexm/initialize-hardware.o
                0x08000ecc                __initialize_hardware_early
 .text.SystemInit
                0x08000ed4        0x4 ./system/src/cmsis/system_stm32f0xx.o
                0x08000ed4                SystemInit
 .text.SystemCoreClockUpdate
                0x08000ed8       0x90 ./system/src/cmsis/system_stm32f0xx.o
                0x08000ed8                SystemCoreClockUpdate
 .text.SystemClock_Config
                0x08000f68       0x1c ./src/initialize-hardware.o
                0x08000f68                SystemClock_Config
 .text.__initialize_hardware
                0x08000f84       0x10 ./src/initialize-hardware.o
                0x08000f84                __initialize_hardware
 .text.assert_failed
                0x08000f94       0x14 ./src/initialize-hardware.o
                0x08000f94                assert_failed
 .text.SystemClock48MHz
                0x08000fa8       0x4c ./src/main.o
                0x08000fa8                SystemClock48MHz
 .text.TIM2_IRQHandler
                0x08000ff4       0x2c ./src/main.o
                0x08000ff4                TIM2_IRQHandler
 .text.EXTI2_3_IRQHandler
                0x08001020       0x98 ./src/main.o
                0x08001020                EXTI2_3_IRQHandler
 .text.oled_Write
                0x080010b8       0x34 ./src/oled.o
                0x080010b8                oled_Write
 .text.oled_Write_Cmd
                0x080010ec       0x3c ./src/oled.o
                0x080010ec                oled_Write_Cmd
 .text.oled_Write_Data
                0x08001128       0x3c ./src/oled.o
                0x08001128                oled_Write_Data
 .text.refresh_OLED
                0x08001164       0xbc ./src/oled.o
                0x08001164                refresh_OLED
 .text.oled_config
                0x08001220      0x114 ./src/oled.o
                0x08001220                oled_config
 .text.main     0x08001334       0x10 ./src/oled.o
                0x08001334                main
 .text.HAL_MspInit
                0x08001344        0x4 ./src/stm32f0xx_hal_msp.o
                0x08001344                HAL_MspInit
 .text          0x08001348      0x114 c:/dev/gnu tools arm embedded/5.4 2016q3/bin/../lib/gcc/arm-none-eabi/5.4.1/armv6-m\libgcc.a(_udivsi3.o)
                0x08001348                __aeabi_uidiv
                0x08001348                __udivsi3
                0x08001454                __aeabi_uidivmod
 .text          0x0800145c        0x4 c:/dev/gnu tools arm embedded/5.4 2016q3/bin/../lib/gcc/arm-none-eabi/5.4.1/armv6-m\libgcc.a(_dvmd_tls.o)
                0x0800145c                __aeabi_idiv0
                0x0800145c                __aeabi_ldiv0
 .text          0x08001460      0x62c c:/dev/gnu tools arm embedded/5.4 2016q3/bin/../lib/gcc/arm-none-eabi/5.4.1/armv6-m\libgcc.a(divdf3.o)
                0x08001460                __aeabi_ddiv
 .text          0x08001a8c       0x70 c:/dev/gnu tools arm embedded/5.4 2016q3/bin/../lib/gcc/arm-none-eabi/5.4.1/armv6-m\libgcc.a(floatunsidf.o)
                0x08001a8c                __aeabi_ui2d
 .text          0x08001afc       0x3c c:/dev/gnu tools arm embedded/5.4 2016q3/bin/../lib/gcc/arm-none-eabi/5.4.1/armv6-m\libgcc.a(_clzsi2.o)
                0x08001afc                __clzsi2
 .text.__errno  0x08001b38        0xc c:/dev/gnu tools arm embedded/5.4 2016q3/bin/../lib/gcc/arm-none-eabi/5.4.1/../../../../arm-none-eabi/lib/armv6-m\libg_nano.a(lib_a-errno.o)
                0x08001b38                __errno
 .text.memcpy   0x08001b44       0x12 c:/dev/gnu tools arm embedded/5.4 2016q3/bin/../lib/gcc/arm-none-eabi/5.4.1/../../../../arm-none-eabi/lib/armv6-m\libg_nano.a(lib_a-memcpy-stub.o)
                0x08001b44                memcpy
 .text.memset   0x08001b56       0x10 c:/dev/gnu tools arm embedded/5.4 2016q3/bin/../lib/gcc/arm-none-eabi/5.4.1/../../../../arm-none-eabi/lib/armv6-m\libg_nano.a(lib_a-memset.o)
                0x08001b56                memset
 .text.__cvt    0x08001b66       0xca c:/dev/gnu tools arm embedded/5.4 2016q3/bin/../lib/gcc/arm-none-eabi/5.4.1/../../../../arm-none-eabi/lib/armv6-m\libg_nano.a(lib_a-nano-vfprintf_float.o)
                0x08001b66                __cvt
 .text.__exponent
                0x08001c30       0x62 c:/dev/gnu tools arm embedded/5.4 2016q3/bin/../lib/gcc/arm-none-eabi/5.4.1/../../../../arm-none-eabi/lib/armv6-m\libg_nano.a(lib_a-nano-vfprintf_float.o)
                0x08001c30                __exponent
 *fill*         0x08001c92        0x2 
 .text._printf_float
                0x08001c94      0x4a0 c:/dev/gnu tools arm embedded/5.4 2016q3/bin/../lib/gcc/arm-none-eabi/5.4.1/../../../../arm-none-eabi/lib/armv6-m\libg_nano.a(lib_a-nano-vfprintf_float.o)
                0x08001c94                _printf_float
 .text._printf_common
                0x08002134       0xdc c:/dev/gnu tools arm embedded/5.4 2016q3/bin/../lib/gcc/arm-none-eabi/5.4.1/../../../../arm-none-eabi/lib/armv6-m\libg_nano.a(lib_a-nano-vfprintf_i.o)
                0x08002134                _printf_common
 .text._printf_i
                0x08002210      0x244 c:/dev/gnu tools arm embedded/5.4 2016q3/bin/../lib/gcc/arm-none-eabi/5.4.1/../../../../arm-none-eabi/lib/armv6-m\libg_nano.a(lib_a-nano-vfprintf_i.o)
                0x08002210                _printf_i
 .text.snprintf
                0x08002454       0x64 c:/dev/gnu tools arm embedded/5.4 2016q3/bin/../lib/gcc/arm-none-eabi/5.4.1/../../../../arm-none-eabi/lib/armv6-m\libg_nano.a(lib_a-snprintf.o)
                0x08002454                sniprintf
                0x08002454                snprintf
 .text          0x080024b8        0xe c:/dev/gnu tools arm embedded/5.4 2016q3/bin/../lib/gcc/arm-none-eabi/5.4.1/../../../../arm-none-eabi/lib/armv6-m\libg_nano.a(lib_a-strlen.o)
                0x080024b8                strlen
 .text._vsnprintf_r
                0x080024c6       0x56 c:/dev/gnu tools arm embedded/5.4 2016q3/bin/../lib/gcc/arm-none-eabi/5.4.1/../../../../arm-none-eabi/lib/armv6-m\libg_nano.a(lib_a-vsnprintf.o)
                0x080024c6                _vsniprintf_r
                0x080024c6                _vsnprintf_r
 .text.vsnprintf
                0x0800251c       0x18 c:/dev/gnu tools arm embedded/5.4 2016q3/bin/../lib/gcc/arm-none-eabi/5.4.1/../../../../arm-none-eabi/lib/armv6-m\libg_nano.a(lib_a-vsnprintf.o)
                0x0800251c                vsniprintf
                0x0800251c                vsnprintf
 .text.quorem   0x08002534      0x10c c:/dev/gnu tools arm embedded/5.4 2016q3/bin/../lib/gcc/arm-none-eabi/5.4.1/../../../../arm-none-eabi/lib/armv6-m\libg_nano.a(lib_a-dtoa.o)
 .text._dtoa_r  0x08002640      0xb8c c:/dev/gnu tools arm embedded/5.4 2016q3/bin/../lib/gcc/arm-none-eabi/5.4.1/../../../../arm-none-eabi/lib/armv6-m\libg_nano.a(lib_a-dtoa.o)
                0x08002640                _dtoa_r
 .text._localeconv_r
                0x080031cc       0x18 c:/dev/gnu tools arm embedded/5.4 2016q3/bin/../lib/gcc/arm-none-eabi/5.4.1/../../../../arm-none-eabi/lib/armv6-m\libg_nano.a(lib_a-localeconv.o)
                0x080031cc                _localeconv_r
 .text.malloc   0x080031e4       0x14 c:/dev/gnu tools arm embedded/5.4 2016q3/bin/../lib/gcc/arm-none-eabi/5.4.1/../../../../arm-none-eabi/lib/armv6-m\libg_nano.a(lib_a-malloc.o)
                0x080031e4                malloc
 .text.memchr   0x080031f8       0x16 c:/dev/gnu tools arm embedded/5.4 2016q3/bin/../lib/gcc/arm-none-eabi/5.4.1/../../../../arm-none-eabi/lib/armv6-m\libg_nano.a(lib_a-memchr-stub.o)
                0x080031f8                memchr
 .text._Balloc  0x0800320e       0x70 c:/dev/gnu tools arm embedded/5.4 2016q3/bin/../lib/gcc/arm-none-eabi/5.4.1/../../../../arm-none-eabi/lib/armv6-m\libg_nano.a(lib_a-mprec.o)
                0x0800320e                _Balloc
 .text._Bfree   0x0800327e       0x32 c:/dev/gnu tools arm embedded/5.4 2016q3/bin/../lib/gcc/arm-none-eabi/5.4.1/../../../../arm-none-eabi/lib/armv6-m\libg_nano.a(lib_a-mprec.o)
                0x0800327e                _Bfree
 .text.__multadd
                0x080032b0       0x7a c:/dev/gnu tools arm embedded/5.4 2016q3/bin/../lib/gcc/arm-none-eabi/5.4.1/../../../../arm-none-eabi/lib/armv6-m\libg_nano.a(lib_a-mprec.o)
                0x080032b0                __multadd
 .text.__hi0bits
                0x0800332a       0x36 c:/dev/gnu tools arm embedded/5.4 2016q3/bin/../lib/gcc/arm-none-eabi/5.4.1/../../../../arm-none-eabi/lib/armv6-m\libg_nano.a(lib_a-mprec.o)
                0x0800332a                __hi0bits
 .text.__lo0bits
                0x08003360       0x5e c:/dev/gnu tools arm embedded/5.4 2016q3/bin/../lib/gcc/arm-none-eabi/5.4.1/../../../../arm-none-eabi/lib/armv6-m\libg_nano.a(lib_a-mprec.o)
                0x08003360                __lo0bits
 .text.__i2b    0x080033be       0x12 c:/dev/gnu tools arm embedded/5.4 2016q3/bin/../lib/gcc/arm-none-eabi/5.4.1/../../../../arm-none-eabi/lib/armv6-m\libg_nano.a(lib_a-mprec.o)
                0x080033be                __i2b
 .text.__multiply
                0x080033d0      0x112 c:/dev/gnu tools arm embedded/5.4 2016q3/bin/../lib/gcc/arm-none-eabi/5.4.1/../../../../arm-none-eabi/lib/armv6-m\libg_nano.a(lib_a-mprec.o)
                0x080033d0                __multiply
 *fill*         0x080034e2        0x2 
 .text.__pow5mult
                0x080034e4       0xa8 c:/dev/gnu tools arm embedded/5.4 2016q3/bin/../lib/gcc/arm-none-eabi/5.4.1/../../../../arm-none-eabi/lib/armv6-m\libg_nano.a(lib_a-mprec.o)
                0x080034e4                __pow5mult
 .text.__lshift
                0x0800358c       0xa4 c:/dev/gnu tools arm embedded/5.4 2016q3/bin/../lib/gcc/arm-none-eabi/5.4.1/../../../../arm-none-eabi/lib/armv6-m\libg_nano.a(lib_a-mprec.o)
                0x0800358c                __lshift
 .text.__mcmp   0x08003630       0x36 c:/dev/gnu tools arm embedded/5.4 2016q3/bin/../lib/gcc/arm-none-eabi/5.4.1/../../../../arm-none-eabi/lib/armv6-m\libg_nano.a(lib_a-mprec.o)
                0x08003630                __mcmp
 .text.__mdiff  0x08003666       0xd6 c:/dev/gnu tools arm embedded/5.4 2016q3/bin/../lib/gcc/arm-none-eabi/5.4.1/../../../../arm-none-eabi/lib/armv6-m\libg_nano.a(lib_a-mprec.o)
                0x08003666                __mdiff
 .text.__d2b    0x0800373c       0xa8 c:/dev/gnu tools arm embedded/5.4 2016q3/bin/../lib/gcc/arm-none-eabi/5.4.1/../../../../arm-none-eabi/lib/armv6-m\libg_nano.a(lib_a-mprec.o)
                0x0800373c                __d2b
 .text._calloc_r
                0x080037e4       0x1c c:/dev/gnu tools arm embedded/5.4 2016q3/bin/../lib/gcc/arm-none-eabi/5.4.1/../../../../arm-none-eabi/lib/armv6-m\libg_nano.a(lib_a-nano-callocr.o)
                0x080037e4                _calloc_r
 .text._free_r  0x08003800       0x98 c:/dev/gnu tools arm embedded/5.4 2016q3/bin/../lib/gcc/arm-none-eabi/5.4.1/../../../../arm-none-eabi/lib/armv6-m\libg_nano.a(lib_a-nano-freer.o)
                0x08003800                _free_r
 .text._malloc_r
                0x08003898       0xc0 c:/dev/gnu tools arm embedded/5.4 2016q3/bin/../lib/gcc/arm-none-eabi/5.4.1/../../../../arm-none-eabi/lib/armv6-m\libg_nano.a(lib_a-nano-mallocr.o)
                0x08003898                _malloc_r
 .text.__ssputs_r
                0x08003958       0xc4 c:/dev/gnu tools arm embedded/5.4 2016q3/bin/../lib/gcc/arm-none-eabi/5.4.1/../../../../arm-none-eabi/lib/armv6-m\libg_nano.a(lib_a-nano-svfprintf.o)
                0x08003958                __ssputs_r
 .text._svfprintf_r
                0x08003a1c      0x1fc c:/dev/gnu tools arm embedded/5.4 2016q3/bin/../lib/gcc/arm-none-eabi/5.4.1/../../../../arm-none-eabi/lib/armv6-m\libg_nano.a(lib_a-nano-svfprintf.o)
                0x08003a1c                _svfiprintf_r
                0x08003a1c                _svfprintf_r
 .text._sbrk_r  0x08003c18       0x24 c:/dev/gnu tools arm embedded/5.4 2016q3/bin/../lib/gcc/arm-none-eabi/5.4.1/../../../../arm-none-eabi/lib/armv6-m\libg_nano.a(lib_a-sbrkr.o)
                0x08003c18                _sbrk_r
 .text.__ascii_mbtowc
                0x08003c3c       0x24 c:/dev/gnu tools arm embedded/5.4 2016q3/bin/../lib/gcc/arm-none-eabi/5.4.1/../../../../arm-none-eabi/lib/armv6-m\libg_nano.a(lib_a-mbtowc_r.o)
                0x08003c3c                __ascii_mbtowc
 .text.memmove  0x08003c60       0x2a c:/dev/gnu tools arm embedded/5.4 2016q3/bin/../lib/gcc/arm-none-eabi/5.4.1/../../../../arm-none-eabi/lib/armv6-m\libg_nano.a(lib_a-memmove.o)
                0x08003c60                memmove
 .text.__malloc_lock
                0x08003c8a        0x2 c:/dev/gnu tools arm embedded/5.4 2016q3/bin/../lib/gcc/arm-none-eabi/5.4.1/../../../../arm-none-eabi/lib/armv6-m\libg_nano.a(lib_a-mlock.o)
                0x08003c8a                __malloc_lock
 .text.__malloc_unlock
                0x08003c8c        0x2 c:/dev/gnu tools arm embedded/5.4 2016q3/bin/../lib/gcc/arm-none-eabi/5.4.1/../../../../arm-none-eabi/lib/armv6-m\libg_nano.a(lib_a-mlock.o)
                0x08003c8c                __malloc_unlock
 .text._realloc_r
                0x08003c8e       0x4c c:/dev/gnu tools arm embedded/5.4 2016q3/bin/../lib/gcc/arm-none-eabi/5.4.1/../../../../arm-none-eabi/lib/armv6-m\libg_nano.a(lib_a-nano-reallocr.o)
                0x08003c8e                _realloc_r
 .text.__ascii_wctomb
                0x08003cda       0x18 c:/dev/gnu tools arm embedded/5.4 2016q3/bin/../lib/gcc/arm-none-eabi/5.4.1/../../../../arm-none-eabi/lib/armv6-m\libg_nano.a(lib_a-wctomb_r.o)
                0x08003cda                __ascii_wctomb
 .text._malloc_usable_size_r
                0x08003cf2       0x16 c:/dev/gnu tools arm embedded/5.4 2016q3/bin/../lib/gcc/arm-none-eabi/5.4.1/../../../../arm-none-eabi/lib/armv6-m\libg_nano.a(lib_a-nano-msizer.o)
                0x08003cf2                _malloc_usable_size_r
 .text          0x08003d08       0x14 c:/dev/gnu tools arm embedded/5.4 2016q3/bin/../lib/gcc/arm-none-eabi/5.4.1/armv6-m\libgcc.a(_thumb1_case_uqi.o)
                0x08003d08                __gnu_thumb1_case_uqi
 .text          0x08003d1c      0x1d4 c:/dev/gnu tools arm embedded/5.4 2016q3/bin/../lib/gcc/arm-none-eabi/5.4.1/armv6-m\libgcc.a(_divsi3.o)
                0x08003d1c                __divsi3
                0x08003d1c                __aeabi_idiv
                0x08003ee8                __aeabi_idivmod
 .text          0x08003ef0       0x7c c:/dev/gnu tools arm embedded/5.4 2016q3/bin/../lib/gcc/arm-none-eabi/5.4.1/armv6-m\libgcc.a(_arm_cmpdf2.o)
                0x08003ef0                __aeabi_cdrcmple
                0x08003f00                __aeabi_cdcmple
                0x08003f00                __aeabi_cdcmpeq
                0x08003f10                __aeabi_dcmpeq
                0x08003f1c                __aeabi_dcmplt
                0x08003f30                __aeabi_dcmple
                0x08003f44                __aeabi_dcmpgt
                0x08003f58                __aeabi_dcmpge
 .text          0x08003f6c      0x658 c:/dev/gnu tools arm embedded/5.4 2016q3/bin/../lib/gcc/arm-none-eabi/5.4.1/armv6-m\libgcc.a(adddf3.o)
                0x08003f6c                __aeabi_dadd
 .text          0x080045c4       0x80 c:/dev/gnu tools arm embedded/5.4 2016q3/bin/../lib/gcc/arm-none-eabi/5.4.1/armv6-m\libgcc.a(eqdf2.o)
                0x080045c4                __nedf2
                0x080045c4                __eqdf2
 .text          0x08004644       0xc8 c:/dev/gnu tools arm embedded/5.4 2016q3/bin/../lib/gcc/arm-none-eabi/5.4.1/armv6-m\libgcc.a(gedf2.o)
                0x08004644                __gedf2
                0x08004644                __gtdf2
 .text          0x0800470c       0xd4 c:/dev/gnu tools arm embedded/5.4 2016q3/bin/../lib/gcc/arm-none-eabi/5.4.1/armv6-m\libgcc.a(ledf2.o)
                0x0800470c                __ledf2
                0x0800470c                __ltdf2
 .text          0x080047e0      0x4f4 c:/dev/gnu tools arm embedded/5.4 2016q3/bin/../lib/gcc/arm-none-eabi/5.4.1/armv6-m\libgcc.a(muldf3.o)
                0x080047e0                __aeabi_dmul
 .text          0x08004cd4      0x6a8 c:/dev/gnu tools arm embedded/5.4 2016q3/bin/../lib/gcc/arm-none-eabi/5.4.1/armv6-m\libgcc.a(subdf3.o)
                0x08004cd4                __aeabi_dsub
 .text          0x0800537c       0x40 c:/dev/gnu tools arm embedded/5.4 2016q3/bin/../lib/gcc/arm-none-eabi/5.4.1/armv6-m\libgcc.a(unorddf2.o)
                0x0800537c                __aeabi_dcmpun
 .text          0x080053bc       0x6c c:/dev/gnu tools arm embedded/5.4 2016q3/bin/../lib/gcc/arm-none-eabi/5.4.1/armv6-m\libgcc.a(fixdfsi.o)
                0x080053bc                __aeabi_d2iz
 .text          0x08005428       0x84 c:/dev/gnu tools arm embedded/5.4 2016q3/bin/../lib/gcc/arm-none-eabi/5.4.1/armv6-m\libgcc.a(floatsidf.o)
                0x08005428                __aeabi_i2d
 *(.rodata .rodata.* .constdata .constdata.*)
 .rodata.str1.4
                0x080054ac       0x31 ./system/src/stm32f0-hal/stm32f0xx_hal_cortex.o
 *fill*         0x080054dd        0x3 
 .rodata.str1.4
                0x080054e0       0x2f ./system/src/stm32f0-hal/stm32f0xx_hal_gpio.o
 *fill*         0x0800550f        0x1 
 .rodata.str1.4
                0x08005510       0x2e ./system/src/stm32f0-hal/stm32f0xx_hal_spi.o
 *fill*         0x0800553e        0x2 
 .rodata.str1.4
                0x08005540       0xbd ./system/src/cortexm/exception-handlers.o
 *fill*         0x080055fd        0x3 
 .rodata.AHBPrescTable
                0x08005600       0x10 ./system/src/cmsis/system_stm32f0xx.o
                0x08005600                AHBPrescTable
 .rodata.str1.4
                0x08005610       0x2d ./src/initialize-hardware.o
 *fill*         0x0800563d        0x3 
 .rodata.str1.4
                0x08005640       0x43 ./src/main.o
 *fill*         0x08005683        0x1 
 .rodata.str1.4
                0x08005684       0x18 ./src/oled.o
                                 0x16 (size before relaxing)
 .rodata        0x0800569c       0x40 c:/dev/gnu tools arm embedded/5.4 2016q3/bin/../lib/gcc/arm-none-eabi/5.4.1/armv6-m\libgcc.a(divdf3.o)
 .rodata.str1.1
                0x080056dc       0x12 c:/dev/gnu tools arm embedded/5.4 2016q3/bin/../lib/gcc/arm-none-eabi/5.4.1/../../../../arm-none-eabi/lib/armv6-m\libg_nano.a(lib_a-nano-vfprintf_float.o)
 .rodata.str1.1
                0x080056ee       0x22 c:/dev/gnu tools arm embedded/5.4 2016q3/bin/../lib/gcc/arm-none-eabi/5.4.1/../../../../arm-none-eabi/lib/armv6-m\libg_nano.a(lib_a-nano-vfprintf_i.o)
 .rodata.str1.1
                0x08005710        0xd c:/dev/gnu tools arm embedded/5.4 2016q3/bin/../lib/gcc/arm-none-eabi/5.4.1/../../../../arm-none-eabi/lib/armv6-m\libg_nano.a(lib_a-dtoa.o)
                                  0xf (size before relaxing)
 *fill*         0x0800571d        0x3 
 .rodata.__mprec_tens
                0x08005720       0xc8 c:/dev/gnu tools arm embedded/5.4 2016q3/bin/../lib/gcc/arm-none-eabi/5.4.1/../../../../arm-none-eabi/lib/armv6-m\libg_nano.a(lib_a-mprec.o)
                0x08005720                __mprec_tens
 .rodata.__mprec_bigtens
                0x080057e8       0x28 c:/dev/gnu tools arm embedded/5.4 2016q3/bin/../lib/gcc/arm-none-eabi/5.4.1/../../../../arm-none-eabi/lib/armv6-m\libg_nano.a(lib_a-mprec.o)
                0x080057e8                __mprec_bigtens
 .rodata.p05.6097
                0x08005810        0xc c:/dev/gnu tools arm embedded/5.4 2016q3/bin/../lib/gcc/arm-none-eabi/5.4.1/../../../../arm-none-eabi/lib/armv6-m\libg_nano.a(lib_a-mprec.o)
 .rodata.str1.1
                0x0800581c       0x11 c:/dev/gnu tools arm embedded/5.4 2016q3/bin/../lib/gcc/arm-none-eabi/5.4.1/../../../../arm-none-eabi/lib/armv6-m\libg_nano.a(lib_a-nano-svfprintf.o)
 .rodata.str1.1
                0x0800582d        0xa c:/dev/gnu tools arm embedded/5.4 2016q3/bin/../lib/gcc/arm-none-eabi/5.4.1/../../../../arm-none-eabi/lib/armv6-m\libg_nano.a(lib_a-locale.o)
                                  0xb (size before relaxing)
 .rodata._ctype_
                0x08005837      0x101 c:/dev/gnu tools arm embedded/5.4 2016q3/bin/../lib/gcc/arm-none-eabi/5.4.1/../../../../arm-none-eabi/lib/armv6-m\libg_nano.a(lib_a-ctype_.o)
                0x08005837                _ctype_
 .rodata        0x08005938       0x40 c:/dev/gnu tools arm embedded/5.4 2016q3/bin/../lib/gcc/arm-none-eabi/5.4.1/armv6-m\libgcc.a(muldf3.o)
 *(vtable)
 *(.eh_frame*)
 *(.glue_7)
 .glue_7        0x08005978        0x0 linker stubs
 *(.glue_7t)
 .glue_7t       0x08005978        0x0 linker stubs

.vfp11_veneer   0x08005978        0x0
 .vfp11_veneer  0x08005978        0x0 linker stubs

.v4_bx          0x08005978        0x0
 .v4_bx         0x08005978        0x0 linker stubs

.iplt           0x08005978        0x0
 .iplt          0x08005978        0x0 ./system/src/stm32f0-hal/stm32f0xx_hal.o

.rel.dyn        0x08005978        0x0
 .rel.iplt      0x08005978        0x0 ./system/src/stm32f0-hal/stm32f0xx_hal.o

.ARM.extab
 *(.ARM.extab* .gnu.linkonce.armextab.*)
                0x08005978                . = ALIGN (0x4)
                0x08005978                __exidx_start = .

.ARM.exidx
 *(.ARM.exidx* .gnu.linkonce.armexidx.*)
                0x08005978                __exidx_end = .
                0x08005978                . = ALIGN (0x4)
                0x08005978                _etext = .
                0x08005978                __etext = .

.data_CCMRAM    0x00000000        0x0 load address 0x08005978
 FILL mask 0xff
 *(.data.CCMRAM .data.CCMRAM.*)
                0x00000000                . = ALIGN (0x4)
                0x08005978                _sidata = LOADADDR (.data)

.data           0x20000000      0x60c load address 0x08005978
 FILL mask 0xff
                0x20000000                _sdata = .
                0x20000000                __data_start__ = .
 *(.data_begin .data_begin.*)
 .data_begin    0x20000000        0x4 ./system/src/newlib/startup.o
 *(.data .data.*)
 .data.uwTickPrio
                0x20000004        0x4 ./system/src/stm32f0-hal/stm32f0xx_hal.o
                0x20000004                uwTickPrio
 .data.uwTickFreq
                0x20000008        0x1 ./system/src/stm32f0-hal/stm32f0xx_hal.o
                0x20000008                uwTickFreq
 *fill*         0x20000009        0x3 ff
 .data.argv.4770
                0x2000000c        0x8 ./system/src/newlib/syscalls.o
 .data.SystemCoreClock
                0x20000014        0x4 ./system/src/cmsis/system_stm32f0xx.o
                0x20000014                SystemCoreClock
 .data.Characters
                0x20000018      0x400 ./src/oled.o
                0x20000018                Characters
 .data.oled_init_cmds
                0x20000418       0x1d ./src/oled.o
                0x20000418                oled_init_cmds
 *fill*         0x20000435        0x3 ff
 .data.impure_data
                0x20000438       0x60 c:/dev/gnu tools arm embedded/5.4 2016q3/bin/../lib/gcc/arm-none-eabi/5.4.1/../../../../arm-none-eabi/lib/armv6-m\libg_nano.a(lib_a-impure.o)
 .data._impure_ptr
                0x20000498        0x4 c:/dev/gnu tools arm embedded/5.4 2016q3/bin/../lib/gcc/arm-none-eabi/5.4.1/../../../../arm-none-eabi/lib/armv6-m\libg_nano.a(lib_a-impure.o)
                0x20000498                _impure_ptr
 .data.__global_locale
                0x2000049c      0x16c c:/dev/gnu tools arm embedded/5.4 2016q3/bin/../lib/gcc/arm-none-eabi/5.4.1/../../../../arm-none-eabi/lib/armv6-m\libg_nano.a(lib_a-locale.o)
                0x2000049c                __global_locale
 *(.data_end .data_end.*)
 .data_end      0x20000608        0x4 ./system/src/newlib/startup.o
                0x2000060c                . = ALIGN (0x4)
                0x2000060c                _edata = .
                0x2000060c                __data_end__ = .

.igot.plt       0x2000060c        0x0 load address 0x08005f84
 .igot.plt      0x2000060c        0x0 ./system/src/stm32f0-hal/stm32f0xx_hal.o

.bss_CCMRAM     0x00000000        0x0
 *(.bss.CCMRAM .bss.CCMRAM.*)

.bss            0x20000610      0x11c
                0x20000610                __bss_start__ = .
                0x20000610                _sbss = .
 *(.bss_begin .bss_begin.*)
 .bss_begin     0x20000610        0x4 ./system/src/newlib/startup.o
 *(.bss .bss.*)
 .bss.current_heap_end.4454
                0x20000614        0x4 ./system/src/newlib/sbrk.o
 .bss.name.4769
                0x20000618        0x1 ./system/src/newlib/syscalls.o
 *fill*         0x20000619        0x3 
 .bss.buf.5659  0x2000061c       0x80 ./system/src/diag/trace.o
 *fill*         0x2000069c        0x4 
 .bss.secondEdge
                0x200006a0        0x8 ./src/main.o
                0x200006a0                secondEdge
 .bss.timerTriggered
                0x200006a8        0x1 ./src/main.o
                0x200006a8                timerTriggered
 *fill*         0x200006a9        0x3 
 .bss.Freq      0x200006ac        0x4 ./src/oled.o
                0x200006ac                Freq
 .bss.Res       0x200006b0        0x4 ./src/oled.o
                0x200006b0                Res
 .bss.__malloc_sbrk_start
                0x200006b4        0x4 c:/dev/gnu tools arm embedded/5.4 2016q3/bin/../lib/gcc/arm-none-eabi/5.4.1/../../../../arm-none-eabi/lib/armv6-m\libg_nano.a(lib_a-nano-mallocr.o)
                0x200006b4                __malloc_sbrk_start
 .bss.__malloc_free_list
                0x200006b8        0x4 c:/dev/gnu tools arm embedded/5.4 2016q3/bin/../lib/gcc/arm-none-eabi/5.4.1/../../../../arm-none-eabi/lib/armv6-m\libg_nano.a(lib_a-nano-mallocr.o)
                0x200006b8                __malloc_free_list
 *(COMMON)
 COMMON         0x200006bc        0x4 ./system/src/stm32f0-hal/stm32f0xx_hal.o
                0x200006bc                uwTick
 COMMON         0x200006c0        0x4 ./system/src/newlib/syscalls.o
                0x200006c0                errno
 COMMON         0x200006c4       0x64 ./src/oled.o
                0x200006c4                SPI_Handle
 *(.bss_end .bss_end.*)
 .bss_end       0x20000728        0x4 ./system/src/newlib/startup.o
                0x2000072c                . = ALIGN (0x4)
                0x2000072c                __bss_end__ = .
                0x2000072c                _ebss = .

.noinit_CCMRAM
 *(.noinit.CCMRAM .noinit.CCMRAM.*)

.noinit         0x2000072c        0x0
                0x2000072c                _noinit = .
 *(.noinit .noinit.*)
                0x2000072c                . = ALIGN (0x4)
                0x2000072c                _end_noinit = .
                [!provide]                PROVIDE (end, _end_noinit)
                [!provide]                PROVIDE (_end, _end_noinit)
                [!provide]                PROVIDE (__end, _end_noinit)
                [!provide]                PROVIDE (__end__, _end_noinit)

._check_stack   0x2000072c      0x100
                0x2000082c                . = (. + _Minimum_Stack_Size)
 *fill*         0x2000072c      0x100 

.b1text
 *(.b1text)
 *(.b1rodata)
 *(.b1rodata.*)

.eb0text
 *(.eb0text)
 *(.eb0rodata)
 *(.eb0rodata.*)

.eb1text
 *(.eb1text)
 *(.eb1rodata)
 *(.eb1rodata.*)

.eb2text
 *(.eb2text)
 *(.eb2rodata)
 *(.eb2rodata.*)

.eb3text
 *(.eb3text)
 *(.eb3rodata)
 *(.eb3rodata.*)

.stab
 *(.stab)

.stabstr
 *(.stabstr)

.stab.excl
 *(.stab.excl)

.stab.exclstr
 *(.stab.exclstr)

.stab.index
 *(.stab.index)

.stab.indexstr
 *(.stab.indexstr)

.comment        0x00000000       0x6e
 *(.comment)
 .comment       0x00000000       0x6e ./system/src/stm32f0-hal/stm32f0xx_hal.o
                                 0x6f (size before relaxing)
 .comment       0x0000006e       0x6f ./system/src/stm32f0-hal/stm32f0xx_hal_cortex.o
 .comment       0x0000006e       0x6f ./system/src/stm32f0-hal/stm32f0xx_hal_gpio.o
 .comment       0x0000006e       0x6f ./system/src/stm32f0-hal/stm32f0xx_hal_rcc.o
 .comment       0x0000006e       0x6f ./system/src/stm32f0-hal/stm32f0xx_hal_spi.o
 .comment       0x0000006e       0x6f ./system/src/newlib/exit.o
 .comment       0x0000006e       0x6f ./system/src/newlib/sbrk.o
 .comment       0x0000006e       0x6f ./system/src/newlib/startup.o
 .comment       0x0000006e       0x6f ./system/src/newlib/syscalls.o
 .comment       0x0000006e       0x6f ./system/src/diag/trace-impl.o
 .comment       0x0000006e       0x6f ./system/src/diag/trace.o
 .comment       0x0000006e       0x6f ./system/src/cortexm/exception-handlers.o
 .comment       0x0000006e       0x6f ./system/src/cortexm/initialize-hardware.o
 .comment       0x0000006e       0x6f ./system/src/cmsis/system_stm32f0xx.o
 .comment       0x0000006e       0x6f ./system/src/cmsis/vectors_stm32f051x8.o
 .comment       0x0000006e       0x6f ./src/initialize-hardware.o
 .comment       0x0000006e       0x6f ./src/main.o
 .comment       0x0000006e       0x6f ./src/oled.o
 .comment       0x0000006e       0x6f ./src/stm32f0xx_hal_msp.o

.ARM.attributes
                0x00000000       0x2f
 .ARM.attributes
                0x00000000       0x31 ./system/src/stm32f0-hal/stm32f0xx_hal.o
 .ARM.attributes
                0x00000031       0x31 ./system/src/stm32f0-hal/stm32f0xx_hal_cortex.o
 .ARM.attributes
                0x00000062       0x31 ./system/src/stm32f0-hal/stm32f0xx_hal_gpio.o
 .ARM.attributes
                0x00000093       0x31 ./system/src/stm32f0-hal/stm32f0xx_hal_rcc.o
 .ARM.attributes
                0x000000c4       0x31 ./system/src/stm32f0-hal/stm32f0xx_hal_spi.o
 .ARM.attributes
                0x000000f5       0x31 ./system/src/newlib/exit.o
 .ARM.attributes
                0x00000126       0x31 ./system/src/newlib/sbrk.o
 .ARM.attributes
                0x00000157       0x31 ./system/src/newlib/startup.o
 .ARM.attributes
                0x00000188       0x31 ./system/src/newlib/syscalls.o
 .ARM.attributes
                0x000001b9       0x31 ./system/src/diag/trace-impl.o
 .ARM.attributes
                0x000001ea       0x31 ./system/src/diag/trace.o
 .ARM.attributes
                0x0000021b       0x31 ./system/src/cortexm/exception-handlers.o
 .ARM.attributes
                0x0000024c       0x31 ./system/src/cortexm/initialize-hardware.o
 .ARM.attributes
                0x0000027d       0x31 ./system/src/cmsis/system_stm32f0xx.o
 .ARM.attributes
                0x000002ae       0x31 ./system/src/cmsis/vectors_stm32f051x8.o
 .ARM.attributes
                0x000002df       0x31 ./src/initialize-hardware.o
 .ARM.attributes
                0x00000310       0x31 ./src/main.o
 .ARM.attributes
                0x00000341       0x31 ./src/oled.o
 .ARM.attributes
                0x00000372       0x31 ./src/stm32f0xx_hal_msp.o
 .ARM.attributes
                0x000003a3       0x1e c:/dev/gnu tools arm embedded/5.4 2016q3/bin/../lib/gcc/arm-none-eabi/5.4.1/armv6-m\libgcc.a(_udivsi3.o)
 .ARM.attributes
                0x000003c1       0x1e c:/dev/gnu tools arm embedded/5.4 2016q3/bin/../lib/gcc/arm-none-eabi/5.4.1/armv6-m\libgcc.a(_dvmd_tls.o)
 .ARM.attributes
                0x000003df       0x2c c:/dev/gnu tools arm embedded/5.4 2016q3/bin/../lib/gcc/arm-none-eabi/5.4.1/armv6-m\libgcc.a(divdf3.o)
 .ARM.attributes
                0x0000040b       0x2c c:/dev/gnu tools arm embedded/5.4 2016q3/bin/../lib/gcc/arm-none-eabi/5.4.1/armv6-m\libgcc.a(floatunsidf.o)
 .ARM.attributes
                0x00000437       0x1e c:/dev/gnu tools arm embedded/5.4 2016q3/bin/../lib/gcc/arm-none-eabi/5.4.1/armv6-m\libgcc.a(_clzsi2.o)
 .ARM.attributes
                0x00000455       0x2c c:/dev/gnu tools arm embedded/5.4 2016q3/bin/../lib/gcc/arm-none-eabi/5.4.1/../../../../arm-none-eabi/lib/armv6-m\libg_nano.a(lib_a-errno.o)
 .ARM.attributes
                0x00000481       0x2c c:/dev/gnu tools arm embedded/5.4 2016q3/bin/../lib/gcc/arm-none-eabi/5.4.1/../../../../arm-none-eabi/lib/armv6-m\libg_nano.a(lib_a-impure.o)
 .ARM.attributes
                0x000004ad       0x2c c:/dev/gnu tools arm embedded/5.4 2016q3/bin/../lib/gcc/arm-none-eabi/5.4.1/../../../../arm-none-eabi/lib/armv6-m\libg_nano.a(lib_a-memcpy-stub.o)
 .ARM.attributes
                0x000004d9       0x2c c:/dev/gnu tools arm embedded/5.4 2016q3/bin/../lib/gcc/arm-none-eabi/5.4.1/../../../../arm-none-eabi/lib/armv6-m\libg_nano.a(lib_a-memset.o)
 .ARM.attributes
                0x00000505       0x2c c:/dev/gnu tools arm embedded/5.4 2016q3/bin/../lib/gcc/arm-none-eabi/5.4.1/../../../../arm-none-eabi/lib/armv6-m\libg_nano.a(lib_a-nano-vfprintf_float.o)
 .ARM.attributes
                0x00000531       0x2c c:/dev/gnu tools arm embedded/5.4 2016q3/bin/../lib/gcc/arm-none-eabi/5.4.1/../../../../arm-none-eabi/lib/armv6-m\libg_nano.a(lib_a-nano-vfprintf_i.o)
 .ARM.attributes
                0x0000055d       0x2c c:/dev/gnu tools arm embedded/5.4 2016q3/bin/../lib/gcc/arm-none-eabi/5.4.1/../../../../arm-none-eabi/lib/armv6-m\libg_nano.a(lib_a-snprintf.o)
 .ARM.attributes
                0x00000589       0x1c c:/dev/gnu tools arm embedded/5.4 2016q3/bin/../lib/gcc/arm-none-eabi/5.4.1/../../../../arm-none-eabi/lib/armv6-m\libg_nano.a(lib_a-strlen.o)
 .ARM.attributes
                0x000005a5       0x2c c:/dev/gnu tools arm embedded/5.4 2016q3/bin/../lib/gcc/arm-none-eabi/5.4.1/../../../../arm-none-eabi/lib/armv6-m\libg_nano.a(lib_a-vsnprintf.o)
 .ARM.attributes
                0x000005d1       0x2c c:/dev/gnu tools arm embedded/5.4 2016q3/bin/../lib/gcc/arm-none-eabi/5.4.1/../../../../arm-none-eabi/lib/armv6-m\libg_nano.a(lib_a-dtoa.o)
 .ARM.attributes
                0x000005fd       0x2c c:/dev/gnu tools arm embedded/5.4 2016q3/bin/../lib/gcc/arm-none-eabi/5.4.1/../../../../arm-none-eabi/lib/armv6-m\libg_nano.a(lib_a-localeconv.o)
 .ARM.attributes
                0x00000629       0x2c c:/dev/gnu tools arm embedded/5.4 2016q3/bin/../lib/gcc/arm-none-eabi/5.4.1/../../../../arm-none-eabi/lib/armv6-m\libg_nano.a(lib_a-malloc.o)
 .ARM.attributes
                0x00000655       0x2c c:/dev/gnu tools arm embedded/5.4 2016q3/bin/../lib/gcc/arm-none-eabi/5.4.1/../../../../arm-none-eabi/lib/armv6-m\libg_nano.a(lib_a-memchr-stub.o)
 .ARM.attributes
                0x00000681       0x2c c:/dev/gnu tools arm embedded/5.4 2016q3/bin/../lib/gcc/arm-none-eabi/5.4.1/../../../../arm-none-eabi/lib/armv6-m\libg_nano.a(lib_a-mprec.o)
 .ARM.attributes
                0x000006ad       0x2c c:/dev/gnu tools arm embedded/5.4 2016q3/bin/../lib/gcc/arm-none-eabi/5.4.1/../../../../arm-none-eabi/lib/armv6-m\libg_nano.a(lib_a-nano-callocr.o)
 .ARM.attributes
                0x000006d9       0x2c c:/dev/gnu tools arm embedded/5.4 2016q3/bin/../lib/gcc/arm-none-eabi/5.4.1/../../../../arm-none-eabi/lib/armv6-m\libg_nano.a(lib_a-nano-freer.o)
 .ARM.attributes
                0x00000705       0x2c c:/dev/gnu tools arm embedded/5.4 2016q3/bin/../lib/gcc/arm-none-eabi/5.4.1/../../../../arm-none-eabi/lib/armv6-m\libg_nano.a(lib_a-nano-mallocr.o)
 .ARM.attributes
                0x00000731       0x2c c:/dev/gnu tools arm embedded/5.4 2016q3/bin/../lib/gcc/arm-none-eabi/5.4.1/../../../../arm-none-eabi/lib/armv6-m\libg_nano.a(lib_a-nano-svfprintf.o)
 .ARM.attributes
                0x0000075d       0x2c c:/dev/gnu tools arm embedded/5.4 2016q3/bin/../lib/gcc/arm-none-eabi/5.4.1/../../../../arm-none-eabi/lib/armv6-m\libg_nano.a(lib_a-sbrkr.o)
 .ARM.attributes
                0x00000789       0x2c c:/dev/gnu tools arm embedded/5.4 2016q3/bin/../lib/gcc/arm-none-eabi/5.4.1/../../../../arm-none-eabi/lib/armv6-m\libg_nano.a(lib_a-locale.o)
 .ARM.attributes
                0x000007b5       0x2c c:/dev/gnu tools arm embedded/5.4 2016q3/bin/../lib/gcc/arm-none-eabi/5.4.1/../../../../arm-none-eabi/lib/armv6-m\libg_nano.a(lib_a-mbtowc_r.o)
 .ARM.attributes
                0x000007e1       0x2c c:/dev/gnu tools arm embedded/5.4 2016q3/bin/../lib/gcc/arm-none-eabi/5.4.1/../../../../arm-none-eabi/lib/armv6-m\libg_nano.a(lib_a-memmove.o)
 .ARM.attributes
                0x0000080d       0x2c c:/dev/gnu tools arm embedded/5.4 2016q3/bin/../lib/gcc/arm-none-eabi/5.4.1/../../../../arm-none-eabi/lib/armv6-m\libg_nano.a(lib_a-mlock.o)
 .ARM.attributes
                0x00000839       0x2c c:/dev/gnu tools arm embedded/5.4 2016q3/bin/../lib/gcc/arm-none-eabi/5.4.1/../../../../arm-none-eabi/lib/armv6-m\libg_nano.a(lib_a-nano-reallocr.o)
 .ARM.attributes
                0x00000865       0x2c c:/dev/gnu tools arm embedded/5.4 2016q3/bin/../lib/gcc/arm-none-eabi/5.4.1/../../../../arm-none-eabi/lib/armv6-m\libg_nano.a(lib_a-wctomb_r.o)
 .ARM.attributes
                0x00000891       0x2c c:/dev/gnu tools arm embedded/5.4 2016q3/bin/../lib/gcc/arm-none-eabi/5.4.1/../../../../arm-none-eabi/lib/armv6-m\libg_nano.a(lib_a-ctype_.o)
 .ARM.attributes
                0x000008bd       0x2c c:/dev/gnu tools arm embedded/5.4 2016q3/bin/../lib/gcc/arm-none-eabi/5.4.1/../../../../arm-none-eabi/lib/armv6-m\libg_nano.a(lib_a-nano-msizer.o)
 .ARM.attributes
                0x000008e9       0x1e c:/dev/gnu tools arm embedded/5.4 2016q3/bin/../lib/gcc/arm-none-eabi/5.4.1/armv6-m\libgcc.a(_thumb1_case_uqi.o)
 .ARM.attributes
                0x00000907       0x1e c:/dev/gnu tools arm embedded/5.4 2016q3/bin/../lib/gcc/arm-none-eabi/5.4.1/armv6-m\libgcc.a(_divsi3.o)
 .ARM.attributes
                0x00000925       0x1e c:/dev/gnu tools arm embedded/5.4 2016q3/bin/../lib/gcc/arm-none-eabi/5.4.1/armv6-m\libgcc.a(_arm_cmpdf2.o)
 .ARM.attributes
                0x00000943       0x2c c:/dev/gnu tools arm embedded/5.4 2016q3/bin/../lib/gcc/arm-none-eabi/5.4.1/armv6-m\libgcc.a(adddf3.o)
 .ARM.attributes
                0x0000096f       0x2c c:/dev/gnu tools arm embedded/5.4 2016q3/bin/../lib/gcc/arm-none-eabi/5.4.1/armv6-m\libgcc.a(eqdf2.o)
 .ARM.attributes
                0x0000099b       0x2c c:/dev/gnu tools arm embedded/5.4 2016q3/bin/../lib/gcc/arm-none-eabi/5.4.1/armv6-m\libgcc.a(gedf2.o)
 .ARM.attributes
                0x000009c7       0x2c c:/dev/gnu tools arm embedded/5.4 2016q3/bin/../lib/gcc/arm-none-eabi/5.4.1/armv6-m\libgcc.a(ledf2.o)
 .ARM.attributes
                0x000009f3       0x2c c:/dev/gnu tools arm embedded/5.4 2016q3/bin/../lib/gcc/arm-none-eabi/5.4.1/armv6-m\libgcc.a(muldf3.o)
 .ARM.attributes
                0x00000a1f       0x2c c:/dev/gnu tools arm embedded/5.4 2016q3/bin/../lib/gcc/arm-none-eabi/5.4.1/armv6-m\libgcc.a(subdf3.o)
 .ARM.attributes
                0x00000a4b       0x2c c:/dev/gnu tools arm embedded/5.4 2016q3/bin/../lib/gcc/arm-none-eabi/5.4.1/armv6-m\libgcc.a(unorddf2.o)
 .ARM.attributes
                0x00000a77       0x2c c:/dev/gnu tools arm embedded/5.4 2016q3/bin/../lib/gcc/arm-none-eabi/5.4.1/armv6-m\libgcc.a(fixdfsi.o)
 .ARM.attributes
                0x00000aa3       0x2c c:/dev/gnu tools arm embedded/5.4 2016q3/bin/../lib/gcc/arm-none-eabi/5.4.1/armv6-m\libgcc.a(floatsidf.o)

.debug
 *(.debug)

.line
 *(.line)

.debug_srcinfo
 *(.debug_srcinfo)

.debug_sfnames
 *(.debug_sfnames)

.debug_aranges  0x00000000      0x798
 *(.debug_aranges)
 .debug_aranges
                0x00000000       0xd0 ./system/src/stm32f0-hal/stm32f0xx_hal.o
 .debug_aranges
                0x000000d0       0x78 ./system/src/stm32f0-hal/stm32f0xx_hal_cortex.o
 .debug_aranges
                0x00000148       0x58 ./system/src/stm32f0-hal/stm32f0xx_hal_gpio.o
 .debug_aranges
                0x000001a0       0x80 ./system/src/stm32f0-hal/stm32f0xx_hal_rcc.o
 .debug_aranges
                0x00000220      0x1f8 ./system/src/stm32f0-hal/stm32f0xx_hal_spi.o
 .debug_aranges
                0x00000418       0x28 ./system/src/newlib/exit.o
 .debug_aranges
                0x00000440       0x20 ./system/src/newlib/sbrk.o
 .debug_aranges
                0x00000460       0x40 ./system/src/newlib/startup.o
 .debug_aranges
                0x000004a0       0xd0 ./system/src/newlib/syscalls.o
 .debug_aranges
                0x00000570       0x30 ./system/src/diag/trace-impl.o
 .debug_aranges
                0x000005a0       0x38 ./system/src/diag/trace.o
 .debug_aranges
                0x000005d8       0x58 ./system/src/cortexm/exception-handlers.o
 .debug_aranges
                0x00000630       0x28 ./system/src/cortexm/initialize-hardware.o
 .debug_aranges
                0x00000658       0x28 ./system/src/cmsis/system_stm32f0xx.o
 .debug_aranges
                0x00000680       0x20 ./system/src/cmsis/vectors_stm32f051x8.o
 .debug_aranges
                0x000006a0       0x30 ./src/initialize-hardware.o
 .debug_aranges
                0x000006d0       0x48 ./src/main.o
 .debug_aranges
                0x00000718       0x48 ./src/oled.o
 .debug_aranges
                0x00000760       0x38 ./src/stm32f0xx_hal_msp.o

.debug_pubnames
 *(.debug_pubnames)

.debug_info     0x00000000     0x7de0
 *(.debug_info .gnu.linkonce.wi.*)
 .debug_info    0x00000000      0x6fe ./system/src/stm32f0-hal/stm32f0xx_hal.o
 .debug_info    0x000006fe      0x873 ./system/src/stm32f0-hal/stm32f0xx_hal_cortex.o
 .debug_info    0x00000f71      0x7af ./system/src/stm32f0-hal/stm32f0xx_hal_gpio.o
 .debug_info    0x00001720      0xcb1 ./system/src/stm32f0-hal/stm32f0xx_hal_rcc.o
 .debug_info    0x000023d1     0x247d ./system/src/stm32f0-hal/stm32f0xx_hal_spi.o
 .debug_info    0x0000484e       0xef ./system/src/newlib/exit.o
 .debug_info    0x0000493d      0x11f ./system/src/newlib/sbrk.o
 .debug_info    0x00004a5c      0x460 ./system/src/newlib/startup.o
 .debug_info    0x00004ebc      0x988 ./system/src/newlib/syscalls.o
 .debug_info    0x00005844      0x2eb ./system/src/diag/trace-impl.o
 .debug_info    0x00005b2f      0x2e7 ./system/src/diag/trace.o
 .debug_info    0x00005e16      0x332 ./system/src/cortexm/exception-handlers.o
 .debug_info    0x00006148       0xd2 ./system/src/cortexm/initialize-hardware.o
 .debug_info    0x0000621a      0x23f ./system/src/cmsis/system_stm32f0xx.o
 .debug_info    0x00006459       0xd0 ./system/src/cmsis/vectors_stm32f051x8.o
 .debug_info    0x00006529      0x1b8 ./src/initialize-hardware.o
 .debug_info    0x000066e1      0x8a9 ./src/main.o
 .debug_info    0x00006f8a      0xd94 ./src/oled.o
 .debug_info    0x00007d1e       0xc2 ./src/stm32f0xx_hal_msp.o

.debug_abbrev   0x00000000     0x1b71
 *(.debug_abbrev)
 .debug_abbrev  0x00000000      0x224 ./system/src/stm32f0-hal/stm32f0xx_hal.o
 .debug_abbrev  0x00000224      0x27a ./system/src/stm32f0-hal/stm32f0xx_hal_cortex.o
 .debug_abbrev  0x0000049e      0x1f9 ./system/src/stm32f0-hal/stm32f0xx_hal_gpio.o
 .debug_abbrev  0x00000697      0x257 ./system/src/stm32f0-hal/stm32f0xx_hal_rcc.o
 .debug_abbrev  0x000008ee      0x240 ./system/src/stm32f0-hal/stm32f0xx_hal_spi.o
 .debug_abbrev  0x00000b2e       0x8e ./system/src/newlib/exit.o
 .debug_abbrev  0x00000bbc       0xb9 ./system/src/newlib/sbrk.o
 .debug_abbrev  0x00000c75      0x1ac ./system/src/newlib/startup.o
 .debug_abbrev  0x00000e21      0x169 ./system/src/newlib/syscalls.o
 .debug_abbrev  0x00000f8a      0x1ae ./system/src/diag/trace-impl.o
 .debug_abbrev  0x00001138      0x156 ./system/src/diag/trace.o
 .debug_abbrev  0x0000128e      0x15c ./system/src/cortexm/exception-handlers.o
 .debug_abbrev  0x000013ea       0x63 ./system/src/cortexm/initialize-hardware.o
 .debug_abbrev  0x0000144d       0xf3 ./system/src/cmsis/system_stm32f0xx.o
 .debug_abbrev  0x00001540       0x9d ./system/src/cmsis/vectors_stm32f051x8.o
 .debug_abbrev  0x000015dd       0xe7 ./src/initialize-hardware.o
 .debug_abbrev  0x000016c4      0x22c ./src/main.o
 .debug_abbrev  0x000018f0      0x23c ./src/oled.o
 .debug_abbrev  0x00001b2c       0x45 ./src/stm32f0xx_hal_msp.o

.debug_line     0x00000000     0x9138
 *(.debug_line)
 .debug_line    0x00000000      0x8e7 ./system/src/stm32f0-hal/stm32f0xx_hal.o
 .debug_line    0x000008e7      0x8bf ./system/src/stm32f0-hal/stm32f0xx_hal_cortex.o
 .debug_line    0x000011a6      0x94b ./system/src/stm32f0-hal/stm32f0xx_hal_gpio.o
 .debug_line    0x00001af1      0xb53 ./system/src/stm32f0-hal/stm32f0xx_hal_rcc.o
 .debug_line    0x00002644     0x14ca ./system/src/stm32f0-hal/stm32f0xx_hal_spi.o
 .debug_line    0x00003b0e      0x2fc ./system/src/newlib/exit.o
 .debug_line    0x00003e0a      0x2ac ./system/src/newlib/sbrk.o
 .debug_line    0x000040b6      0x36c ./system/src/newlib/startup.o
 .debug_line    0x00004422      0x521 ./system/src/newlib/syscalls.o
 .debug_line    0x00004943      0x8b6 ./system/src/diag/trace-impl.o
 .debug_line    0x000051f9      0x36c ./system/src/diag/trace.o
 .debug_line    0x00005565      0x906 ./system/src/cortexm/exception-handlers.o
 .debug_line    0x00005e6b      0x751 ./system/src/cortexm/initialize-hardware.o
 .debug_line    0x000065bc      0x749 ./system/src/cmsis/system_stm32f0xx.o
 .debug_line    0x00006d05      0x20c ./system/src/cmsis/vectors_stm32f051x8.o
 .debug_line    0x00006f11      0x84c ./src/initialize-hardware.o
 .debug_line    0x0000775d      0x8f3 ./src/main.o
 .debug_line    0x00008050      0x99c ./src/oled.o
 .debug_line    0x000089ec      0x74c ./src/stm32f0xx_hal_msp.o

.debug_frame    0x00000000     0x1c70
 *(.debug_frame)
 .debug_frame   0x00000000      0x1b0 ./system/src/stm32f0-hal/stm32f0xx_hal.o
 .debug_frame   0x000001b0      0x114 ./system/src/stm32f0-hal/stm32f0xx_hal_cortex.o
 .debug_frame   0x000002c4       0xf8 ./system/src/stm32f0-hal/stm32f0xx_hal_gpio.o
 .debug_frame   0x000003bc      0x144 ./system/src/stm32f0-hal/stm32f0xx_hal_rcc.o
 .debug_frame   0x00000500      0x5fc ./system/src/stm32f0-hal/stm32f0xx_hal_spi.o
 .debug_frame   0x00000afc       0x38 ./system/src/newlib/exit.o
 .debug_frame   0x00000b34       0x28 ./system/src/newlib/sbrk.o
 .debug_frame   0x00000b5c       0x80 ./system/src/newlib/startup.o
 .debug_frame   0x00000bdc      0x230 ./system/src/newlib/syscalls.o
 .debug_frame   0x00000e0c       0x60 ./system/src/diag/trace-impl.o
 .debug_frame   0x00000e6c       0x78 ./system/src/diag/trace.o
 .debug_frame   0x00000ee4       0xb0 ./system/src/cortexm/exception-handlers.o
 .debug_frame   0x00000f94       0x40 ./system/src/cortexm/initialize-hardware.o
 .debug_frame   0x00000fd4       0x38 ./system/src/cmsis/system_stm32f0xx.o
 .debug_frame   0x0000100c       0x20 ./system/src/cmsis/vectors_stm32f051x8.o
 .debug_frame   0x0000102c       0x58 ./src/initialize-hardware.o
 .debug_frame   0x00001084       0x98 ./src/main.o
 .debug_frame   0x0000111c       0xb0 ./src/oled.o
 .debug_frame   0x000011cc       0x50 ./src/stm32f0xx_hal_msp.o
 .debug_frame   0x0000121c       0x20 c:/dev/gnu tools arm embedded/5.4 2016q3/bin/../lib/gcc/arm-none-eabi/5.4.1/armv6-m\libgcc.a(_udivsi3.o)
 .debug_frame   0x0000123c       0x3c c:/dev/gnu tools arm embedded/5.4 2016q3/bin/../lib/gcc/arm-none-eabi/5.4.1/armv6-m\libgcc.a(divdf3.o)
 .debug_frame   0x00001278       0x2c c:/dev/gnu tools arm embedded/5.4 2016q3/bin/../lib/gcc/arm-none-eabi/5.4.1/armv6-m\libgcc.a(floatunsidf.o)
 .debug_frame   0x000012a4       0x20 c:/dev/gnu tools arm embedded/5.4 2016q3/bin/../lib/gcc/arm-none-eabi/5.4.1/../../../../arm-none-eabi/lib/armv6-m\libg_nano.a(lib_a-errno.o)
 .debug_frame   0x000012c4       0x28 c:/dev/gnu tools arm embedded/5.4 2016q3/bin/../lib/gcc/arm-none-eabi/5.4.1/../../../../arm-none-eabi/lib/armv6-m\libg_nano.a(lib_a-memcpy-stub.o)
 .debug_frame   0x000012ec       0x20 c:/dev/gnu tools arm embedded/5.4 2016q3/bin/../lib/gcc/arm-none-eabi/5.4.1/../../../../arm-none-eabi/lib/armv6-m\libg_nano.a(lib_a-memset.o)
 .debug_frame   0x0000130c       0x74 c:/dev/gnu tools arm embedded/5.4 2016q3/bin/../lib/gcc/arm-none-eabi/5.4.1/../../../../arm-none-eabi/lib/armv6-m\libg_nano.a(lib_a-nano-vfprintf_float.o)
 .debug_frame   0x00001380       0x54 c:/dev/gnu tools arm embedded/5.4 2016q3/bin/../lib/gcc/arm-none-eabi/5.4.1/../../../../arm-none-eabi/lib/armv6-m\libg_nano.a(lib_a-nano-vfprintf_i.o)
 .debug_frame   0x000013d4       0x50 c:/dev/gnu tools arm embedded/5.4 2016q3/bin/../lib/gcc/arm-none-eabi/5.4.1/../../../../arm-none-eabi/lib/armv6-m\libg_nano.a(lib_a-snprintf.o)
 .debug_frame   0x00001424       0x48 c:/dev/gnu tools arm embedded/5.4 2016q3/bin/../lib/gcc/arm-none-eabi/5.4.1/../../../../arm-none-eabi/lib/armv6-m\libg_nano.a(lib_a-vsnprintf.o)
 .debug_frame   0x0000146c       0x54 c:/dev/gnu tools arm embedded/5.4 2016q3/bin/../lib/gcc/arm-none-eabi/5.4.1/../../../../arm-none-eabi/lib/armv6-m\libg_nano.a(lib_a-dtoa.o)
 .debug_frame   0x000014c0       0x40 c:/dev/gnu tools arm embedded/5.4 2016q3/bin/../lib/gcc/arm-none-eabi/5.4.1/../../../../arm-none-eabi/lib/armv6-m\libg_nano.a(lib_a-localeconv.o)
 .debug_frame   0x00001500       0x40 c:/dev/gnu tools arm embedded/5.4 2016q3/bin/../lib/gcc/arm-none-eabi/5.4.1/../../../../arm-none-eabi/lib/armv6-m\libg_nano.a(lib_a-malloc.o)
 .debug_frame   0x00001540       0x20 c:/dev/gnu tools arm embedded/5.4 2016q3/bin/../lib/gcc/arm-none-eabi/5.4.1/../../../../arm-none-eabi/lib/armv6-m\libg_nano.a(lib_a-memchr-stub.o)
 .debug_frame   0x00001560      0x238 c:/dev/gnu tools arm embedded/5.4 2016q3/bin/../lib/gcc/arm-none-eabi/5.4.1/../../../../arm-none-eabi/lib/armv6-m\libg_nano.a(lib_a-mprec.o)
 .debug_frame   0x00001798       0x2c c:/dev/gnu tools arm embedded/5.4 2016q3/bin/../lib/gcc/arm-none-eabi/5.4.1/../../../../arm-none-eabi/lib/armv6-m\libg_nano.a(lib_a-nano-callocr.o)
 .debug_frame   0x000017c4       0x2c c:/dev/gnu tools arm embedded/5.4 2016q3/bin/../lib/gcc/arm-none-eabi/5.4.1/../../../../arm-none-eabi/lib/armv6-m\libg_nano.a(lib_a-nano-freer.o)
 .debug_frame   0x000017f0       0x2c c:/dev/gnu tools arm embedded/5.4 2016q3/bin/../lib/gcc/arm-none-eabi/5.4.1/../../../../arm-none-eabi/lib/armv6-m\libg_nano.a(lib_a-nano-mallocr.o)
 .debug_frame   0x0000181c       0x74 c:/dev/gnu tools arm embedded/5.4 2016q3/bin/../lib/gcc/arm-none-eabi/5.4.1/../../../../arm-none-eabi/lib/armv6-m\libg_nano.a(lib_a-nano-svfprintf.o)
 .debug_frame   0x00001890       0x2c c:/dev/gnu tools arm embedded/5.4 2016q3/bin/../lib/gcc/arm-none-eabi/5.4.1/../../../../arm-none-eabi/lib/armv6-m\libg_nano.a(lib_a-sbrkr.o)
 .debug_frame   0x000018bc       0x94 c:/dev/gnu tools arm embedded/5.4 2016q3/bin/../lib/gcc/arm-none-eabi/5.4.1/../../../../arm-none-eabi/lib/armv6-m\libg_nano.a(lib_a-locale.o)
 .debug_frame   0x00001950       0x44 c:/dev/gnu tools arm embedded/5.4 2016q3/bin/../lib/gcc/arm-none-eabi/5.4.1/../../../../arm-none-eabi/lib/armv6-m\libg_nano.a(lib_a-mbtowc_r.o)
 .debug_frame   0x00001994       0x28 c:/dev/gnu tools arm embedded/5.4 2016q3/bin/../lib/gcc/arm-none-eabi/5.4.1/../../../../arm-none-eabi/lib/armv6-m\libg_nano.a(lib_a-memmove.o)
 .debug_frame   0x000019bc       0x30 c:/dev/gnu tools arm embedded/5.4 2016q3/bin/../lib/gcc/arm-none-eabi/5.4.1/../../../../arm-none-eabi/lib/armv6-m\libg_nano.a(lib_a-mlock.o)
 .debug_frame   0x000019ec       0x30 c:/dev/gnu tools arm embedded/5.4 2016q3/bin/../lib/gcc/arm-none-eabi/5.4.1/../../../../arm-none-eabi/lib/armv6-m\libg_nano.a(lib_a-nano-reallocr.o)
 .debug_frame   0x00001a1c       0x38 c:/dev/gnu tools arm embedded/5.4 2016q3/bin/../lib/gcc/arm-none-eabi/5.4.1/../../../../arm-none-eabi/lib/armv6-m\libg_nano.a(lib_a-wctomb_r.o)
 .debug_frame   0x00001a54       0x20 c:/dev/gnu tools arm embedded/5.4 2016q3/bin/../lib/gcc/arm-none-eabi/5.4.1/../../../../arm-none-eabi/lib/armv6-m\libg_nano.a(lib_a-nano-msizer.o)
 .debug_frame   0x00001a74       0x20 c:/dev/gnu tools arm embedded/5.4 2016q3/bin/../lib/gcc/arm-none-eabi/5.4.1/armv6-m\libgcc.a(_divsi3.o)
 .debug_frame   0x00001a94       0x3c c:/dev/gnu tools arm embedded/5.4 2016q3/bin/../lib/gcc/arm-none-eabi/5.4.1/armv6-m\libgcc.a(adddf3.o)
 .debug_frame   0x00001ad0       0x38 c:/dev/gnu tools arm embedded/5.4 2016q3/bin/../lib/gcc/arm-none-eabi/5.4.1/armv6-m\libgcc.a(eqdf2.o)
 .debug_frame   0x00001b08       0x38 c:/dev/gnu tools arm embedded/5.4 2016q3/bin/../lib/gcc/arm-none-eabi/5.4.1/armv6-m\libgcc.a(gedf2.o)
 .debug_frame   0x00001b40       0x38 c:/dev/gnu tools arm embedded/5.4 2016q3/bin/../lib/gcc/arm-none-eabi/5.4.1/armv6-m\libgcc.a(ledf2.o)
 .debug_frame   0x00001b78       0x3c c:/dev/gnu tools arm embedded/5.4 2016q3/bin/../lib/gcc/arm-none-eabi/5.4.1/armv6-m\libgcc.a(muldf3.o)
 .debug_frame   0x00001bb4       0x38 c:/dev/gnu tools arm embedded/5.4 2016q3/bin/../lib/gcc/arm-none-eabi/5.4.1/armv6-m\libgcc.a(subdf3.o)
 .debug_frame   0x00001bec       0x2c c:/dev/gnu tools arm embedded/5.4 2016q3/bin/../lib/gcc/arm-none-eabi/5.4.1/armv6-m\libgcc.a(unorddf2.o)
 .debug_frame   0x00001c18       0x2c c:/dev/gnu tools arm embedded/5.4 2016q3/bin/../lib/gcc/arm-none-eabi/5.4.1/armv6-m\libgcc.a(fixdfsi.o)
 .debug_frame   0x00001c44       0x2c c:/dev/gnu tools arm embedded/5.4 2016q3/bin/../lib/gcc/arm-none-eabi/5.4.1/armv6-m\libgcc.a(floatsidf.o)

.debug_str      0x00000000    0x728e1
 *(.debug_str)
 .debug_str     0x00000000    0x6ae1e ./system/src/stm32f0-hal/stm32f0xx_hal.o
                              0x6b0da (size before relaxing)
 .debug_str     0x0006ae1e      0x1ee ./system/src/stm32f0-hal/stm32f0xx_hal_cortex.o
                              0x6aed9 (size before relaxing)
 .debug_str     0x0006b00c      0x28f ./system/src/stm32f0-hal/stm32f0xx_hal_gpio.o
                              0x6ad83 (size before relaxing)
 .debug_str     0x0006b29b      0x380 ./system/src/stm32f0-hal/stm32f0xx_hal_rcc.o
                              0x6af56 (size before relaxing)
 .debug_str     0x0006b61b      0x9a8 ./system/src/stm32f0-hal/stm32f0xx_hal_spi.o
                              0x6b4d2 (size before relaxing)
 .debug_str     0x0006bfc3     0x4170 ./system/src/newlib/exit.o
                               0x6d52 (size before relaxing)
 .debug_str     0x00070133      0x4dd ./system/src/newlib/sbrk.o
                               0x613d (size before relaxing)
 .debug_str     0x00070610      0x25f ./system/src/newlib/startup.o
                               0x5cbd (size before relaxing)
 .debug_str     0x0007086f     0x104b ./system/src/newlib/syscalls.o
                               0x7253 (size before relaxing)
 .debug_str     0x000718ba      0x38d ./system/src/diag/trace-impl.o
                              0x6e1ce (size before relaxing)
 .debug_str     0x00071c47      0x884 ./system/src/diag/trace.o
                               0x7543 (size before relaxing)
 .debug_str     0x000724cb      0x109 ./system/src/cortexm/exception-handlers.o
                              0x6ec2d (size before relaxing)
 .debug_str     0x000725d4       0x4d ./system/src/cortexm/initialize-hardware.o
                              0x6aaa3 (size before relaxing)
 .debug_str     0x00072621       0x46 ./system/src/cmsis/system_stm32f0xx.o
                              0x6ab17 (size before relaxing)
 .debug_str     0x00072667       0x59 ./system/src/cmsis/vectors_stm32f051x8.o
                               0x331b (size before relaxing)
 .debug_str     0x000726c0       0x30 ./src/initialize-hardware.o
                              0x6df25 (size before relaxing)
 .debug_str     0x000726f0      0x11b ./src/main.o
                              0x6f670 (size before relaxing)
 .debug_str     0x0007280b       0x99 ./src/oled.o
                              0x6f7ae (size before relaxing)
 .debug_str     0x000728a4       0x3d ./src/stm32f0xx_hal_msp.o
                              0x6aa62 (size before relaxing)

.debug_loc      0x00000000     0x3374
 *(.debug_loc)
 .debug_loc     0x00000000       0xf3 ./system/src/stm32f0-hal/stm32f0xx_hal.o
 .debug_loc     0x000000f3      0x349 ./system/src/stm32f0-hal/stm32f0xx_hal_cortex.o
 .debug_loc     0x0000043c      0x3f0 ./system/src/stm32f0-hal/stm32f0xx_hal_gpio.o
 .debug_loc     0x0000082c      0x574 ./system/src/stm32f0-hal/stm32f0xx_hal_rcc.o
 .debug_loc     0x00000da0     0x16e3 ./system/src/stm32f0-hal/stm32f0xx_hal_spi.o
 .debug_loc     0x00002483       0x7b ./system/src/newlib/sbrk.o
 .debug_loc     0x000024fe      0x265 ./system/src/newlib/startup.o
 .debug_loc     0x00002763      0x549 ./system/src/newlib/syscalls.o
 .debug_loc     0x00002cac      0x17c ./system/src/diag/trace-impl.o
 .debug_loc     0x00002e28      0x102 ./system/src/diag/trace.o
 .debug_loc     0x00002f2a       0x94 ./system/src/cortexm/exception-handlers.o
 .debug_loc     0x00002fbe       0xfe ./system/src/cmsis/system_stm32f0xx.o
 .debug_loc     0x000030bc       0x58 ./src/initialize-hardware.o
 .debug_loc     0x00003114       0xa8 ./src/main.o
 .debug_loc     0x000031bc      0x1b8 ./src/oled.o

.debug_macinfo
 *(.debug_macinfo)

.debug_weaknames
 *(.debug_weaknames)

.debug_funcnames
 *(.debug_funcnames)

.debug_typenames
 *(.debug_typenames)

.debug_varnames
 *(.debug_varnames)
OUTPUT(lab-project.elf elf32-littlearm)

.debug_ranges   0x00000000      0x6e0
 .debug_ranges  0x00000000       0xc0 ./system/src/stm32f0-hal/stm32f0xx_hal.o
 .debug_ranges  0x000000c0       0x68 ./system/src/stm32f0-hal/stm32f0xx_hal_cortex.o
 .debug_ranges  0x00000128       0x48 ./system/src/stm32f0-hal/stm32f0xx_hal_gpio.o
 .debug_ranges  0x00000170       0x88 ./system/src/stm32f0-hal/stm32f0xx_hal_rcc.o
 .debug_ranges  0x000001f8      0x1e8 ./system/src/stm32f0-hal/stm32f0xx_hal_spi.o
 .debug_ranges  0x000003e0       0x18 ./system/src/newlib/exit.o
 .debug_ranges  0x000003f8       0x10 ./system/src/newlib/sbrk.o
 .debug_ranges  0x00000408       0x48 ./system/src/newlib/startup.o
 .debug_ranges  0x00000450       0xc0 ./system/src/newlib/syscalls.o
 .debug_ranges  0x00000510       0x38 ./system/src/diag/trace-impl.o
 .debug_ranges  0x00000548       0x28 ./system/src/diag/trace.o
 .debug_ranges  0x00000570       0x48 ./system/src/cortexm/exception-handlers.o
 .debug_ranges  0x000005b8       0x18 ./system/src/cortexm/initialize-hardware.o
 .debug_ranges  0x000005d0       0x18 ./system/src/cmsis/system_stm32f0xx.o
 .debug_ranges  0x000005e8       0x10 ./system/src/cmsis/vectors_stm32f051x8.o
 .debug_ranges  0x000005f8       0x20 ./src/initialize-hardware.o
 .debug_ranges  0x00000618       0x38 ./src/main.o
 .debug_ranges  0x00000650       0x68 ./src/oled.o
 .debug_ranges  0x000006b8       0x28 ./src/stm32f0xx_hal_msp.o

.debug_macro    0x00000000    0x13695
 .debug_macro   0x00000000      0x2e9 ./system/src/stm32f0-hal/stm32f0xx_hal.o
 .debug_macro   0x000002e9      0x83e ./system/src/stm32f0-hal/stm32f0xx_hal.o
 .debug_macro   0x00000b27      0x193 ./system/src/stm32f0-hal/stm32f0xx_hal.o
 .debug_macro   0x00000cba       0x2e ./system/src/stm32f0-hal/stm32f0xx_hal.o
 .debug_macro   0x00000ce8       0x22 ./system/src/stm32f0-hal/stm32f0xx_hal.o
 .debug_macro   0x00000d0a       0x22 ./system/src/stm32f0-hal/stm32f0xx_hal.o
 .debug_macro   0x00000d2c       0x87 ./system/src/stm32f0-hal/stm32f0xx_hal.o
 .debug_macro   0x00000db3       0x44 ./system/src/stm32f0-hal/stm32f0xx_hal.o
 .debug_macro   0x00000df7       0xfd ./system/src/stm32f0-hal/stm32f0xx_hal.o
 .debug_macro   0x00000ef4       0x5e ./system/src/stm32f0-hal/stm32f0xx_hal.o
 .debug_macro   0x00000f52      0x1df ./system/src/stm32f0-hal/stm32f0xx_hal.o
 .debug_macro   0x00001131       0x1c ./system/src/stm32f0-hal/stm32f0xx_hal.o
 .debug_macro   0x0000114d       0x22 ./system/src/stm32f0-hal/stm32f0xx_hal.o
 .debug_macro   0x0000116f       0xb5 ./system/src/stm32f0-hal/stm32f0xx_hal.o
 .debug_macro   0x00001224      0x391 ./system/src/stm32f0-hal/stm32f0xx_hal.o
 .debug_macro   0x000015b5     0x8cdd ./system/src/stm32f0-hal/stm32f0xx_hal.o
 .debug_macro   0x0000a292       0x3c ./system/src/stm32f0-hal/stm32f0xx_hal.o
 .debug_macro   0x0000a2ce      0x174 ./system/src/stm32f0-hal/stm32f0xx_hal.o
 .debug_macro   0x0000a442       0x54 ./system/src/stm32f0-hal/stm32f0xx_hal.o
 .debug_macro   0x0000a496      0x924 ./system/src/stm32f0-hal/stm32f0xx_hal.o
 .debug_macro   0x0000adba      0x251 ./system/src/stm32f0-hal/stm32f0xx_hal.o
 .debug_macro   0x0000b00b      0x12f ./system/src/stm32f0-hal/stm32f0xx_hal.o
 .debug_macro   0x0000b13a      0x114 ./system/src/stm32f0-hal/stm32f0xx_hal.o
 .debug_macro   0x0000b24e      0x1a0 ./system/src/stm32f0-hal/stm32f0xx_hal.o
 .debug_macro   0x0000b3ee      0x1ed ./system/src/stm32f0-hal/stm32f0xx_hal.o
 .debug_macro   0x0000b5db       0x34 ./system/src/stm32f0-hal/stm32f0xx_hal.o
 .debug_macro   0x0000b60f       0x43 ./system/src/stm32f0-hal/stm32f0xx_hal.o
 .debug_macro   0x0000b652       0x28 ./system/src/stm32f0-hal/stm32f0xx_hal.o
 .debug_macro   0x0000b67a      0x33d ./system/src/stm32f0-hal/stm32f0xx_hal.o
 .debug_macro   0x0000b9b7       0xd4 ./system/src/stm32f0-hal/stm32f0xx_hal.o
 .debug_macro   0x0000ba8b      0x313 ./system/src/stm32f0-hal/stm32f0xx_hal.o
 .debug_macro   0x0000bd9e      0x28d ./system/src/stm32f0-hal/stm32f0xx_hal.o
 .debug_macro   0x0000c02b       0x7a ./system/src/stm32f0-hal/stm32f0xx_hal.o
 .debug_macro   0x0000c0a5       0x4c ./system/src/stm32f0-hal/stm32f0xx_hal.o
 .debug_macro   0x0000c0f1       0xd5 ./system/src/stm32f0-hal/stm32f0xx_hal.o
 .debug_macro   0x0000c1c6       0xd9 ./system/src/stm32f0-hal/stm32f0xx_hal.o
 .debug_macro   0x0000c29f       0xb0 ./system/src/stm32f0-hal/stm32f0xx_hal.o
 .debug_macro   0x0000c34f      0x199 ./system/src/stm32f0-hal/stm32f0xx_hal.o
 .debug_macro   0x0000c4e8      0x22c ./system/src/stm32f0-hal/stm32f0xx_hal.o
 .debug_macro   0x0000c714       0x60 ./system/src/stm32f0-hal/stm32f0xx_hal.o
 .debug_macro   0x0000c774       0xa5 ./system/src/stm32f0-hal/stm32f0xx_hal.o
 .debug_macro   0x0000c819      0x1b5 ./system/src/stm32f0-hal/stm32f0xx_hal.o
 .debug_macro   0x0000c9ce      0x2b8 ./system/src/stm32f0-hal/stm32f0xx_hal.o
 .debug_macro   0x0000cc86       0x2a ./system/src/stm32f0-hal/stm32f0xx_hal.o
 .debug_macro   0x0000ccb0       0x85 ./system/src/stm32f0-hal/stm32f0xx_hal.o
 .debug_macro   0x0000cd35       0x4c ./system/src/stm32f0-hal/stm32f0xx_hal.o
 .debug_macro   0x0000cd81      0x112 ./system/src/stm32f0-hal/stm32f0xx_hal.o
 .debug_macro   0x0000ce93      0x2e2 ./system/src/stm32f0-hal/stm32f0xx_hal.o
 .debug_macro   0x0000d175      0x2ca ./system/src/stm32f0-hal/stm32f0xx_hal.o
 .debug_macro   0x0000d43f       0xdd ./system/src/stm32f0-hal/stm32f0xx_hal.o
 .debug_macro   0x0000d51c      0x2b8 ./system/src/stm32f0-hal/stm32f0xx_hal.o
 .debug_macro   0x0000d7d4      0x124 ./system/src/stm32f0-hal/stm32f0xx_hal.o
 .debug_macro   0x0000d8f8      0x35a ./system/src/stm32f0-hal/stm32f0xx_hal.o
 .debug_macro   0x0000dc52      0x305 ./system/src/stm32f0-hal/stm32f0xx_hal.o
 .debug_macro   0x0000df57      0x8ae ./system/src/stm32f0-hal/stm32f0xx_hal.o
 .debug_macro   0x0000e805       0x28 ./system/src/stm32f0-hal/stm32f0xx_hal.o
 .debug_macro   0x0000e82d      0x3d0 ./system/src/stm32f0-hal/stm32f0xx_hal.o
 .debug_macro   0x0000ebfd      0x589 ./system/src/stm32f0-hal/stm32f0xx_hal.o
 .debug_macro   0x0000f186       0x3e ./system/src/stm32f0-hal/stm32f0xx_hal.o
 .debug_macro   0x0000f1c4      0x279 ./system/src/stm32f0-hal/stm32f0xx_hal.o
 .debug_macro   0x0000f43d       0x2a ./system/src/stm32f0-hal/stm32f0xx_hal.o
 .debug_macro   0x0000f467       0x8d ./system/src/stm32f0-hal/stm32f0xx_hal.o
 .debug_macro   0x0000f4f4      0x114 ./system/src/stm32f0-hal/stm32f0xx_hal.o
 .debug_macro   0x0000f608      0x2c5 ./system/src/stm32f0-hal/stm32f0xx_hal_cortex.o
 .debug_macro   0x0000f8cd      0x2fd ./system/src/stm32f0-hal/stm32f0xx_hal_gpio.o
 .debug_macro   0x0000fbca      0x2d7 ./system/src/stm32f0-hal/stm32f0xx_hal_rcc.o
 .debug_macro   0x0000fea1      0x2cd ./system/src/stm32f0-hal/stm32f0xx_hal_spi.o
 .debug_macro   0x0001016e      0x19c ./system/src/newlib/exit.o
 .debug_macro   0x0001030a      0x151 ./system/src/newlib/sbrk.o
 .debug_macro   0x0001045b       0x10 ./system/src/newlib/sbrk.o
 .debug_macro   0x0001046b      0x23b ./system/src/newlib/sbrk.o
 .debug_macro   0x000106a6      0x170 ./system/src/newlib/startup.o
 .debug_macro   0x00010816       0x52 ./system/src/newlib/startup.o
 .debug_macro   0x00010868      0x1ff ./system/src/newlib/syscalls.o
 .debug_macro   0x00010a67       0x1c ./system/src/newlib/syscalls.o
 .debug_macro   0x00010a83       0x10 ./system/src/newlib/syscalls.o
 .debug_macro   0x00010a93       0x10 ./system/src/newlib/syscalls.o
 .debug_macro   0x00010aa3       0x10 ./system/src/newlib/syscalls.o
 .debug_macro   0x00010ab3       0x35 ./system/src/newlib/syscalls.o
 .debug_macro   0x00010ae8      0x122 ./system/src/newlib/syscalls.o
 .debug_macro   0x00010c0a       0x88 ./system/src/newlib/syscalls.o
 .debug_macro   0x00010c92       0x2b ./system/src/newlib/syscalls.o
 .debug_macro   0x00010cbd      0x118 ./system/src/newlib/syscalls.o
 .debug_macro   0x00010dd5      0x159 ./system/src/newlib/syscalls.o
 .debug_macro   0x00010f2e       0x16 ./system/src/newlib/syscalls.o
 .debug_macro   0x00010f44      0x3f7 ./system/src/diag/trace-impl.o
 .debug_macro   0x0001133b       0x10 ./system/src/diag/trace-impl.o
 .debug_macro   0x0001134b      0x307 ./system/src/diag/trace-impl.o
 .debug_macro   0x00011652       0x22 ./system/src/diag/trace-impl.o
 .debug_macro   0x00011674      0x1d9 ./system/src/diag/trace.o
 .debug_macro   0x0001184d       0x16 ./system/src/diag/trace.o
 .debug_macro   0x00011863       0x97 ./system/src/diag/trace.o
 .debug_macro   0x000118fa       0xfd ./system/src/diag/trace.o
 .debug_macro   0x000119f7       0x10 ./system/src/diag/trace.o
 .debug_macro   0x00011a07       0x16 ./system/src/diag/trace.o
 .debug_macro   0x00011a1d      0x18b ./system/src/diag/trace.o
 .debug_macro   0x00011ba8       0x4c ./system/src/diag/trace.o
 .debug_macro   0x00011bf4       0x16 ./system/src/diag/trace.o
 .debug_macro   0x00011c0a      0x43d ./system/src/cortexm/exception-handlers.o
 .debug_macro   0x00012047       0x10 ./system/src/cortexm/exception-handlers.o
 .debug_macro   0x00012057      0x2cf ./system/src/cortexm/initialize-hardware.o
 .debug_macro   0x00012326      0x2c5 ./system/src/cmsis/system_stm32f0xx.o
 .debug_macro   0x000125eb       0x73 ./system/src/cmsis/vectors_stm32f051x8.o
 .debug_macro   0x0001265e      0x3dc ./src/initialize-hardware.o
 .debug_macro   0x00012a3a      0x442 ./src/main.o
 .debug_macro   0x00012e7c       0xaf ./src/main.o
 .debug_macro   0x00012f2b       0x4e ./src/main.o
 .debug_macro   0x00012f79      0x457 ./src/oled.o
 .debug_macro   0x000133d0      0x2c5 ./src/stm32f0xx_hal_msp.o
